<html>
<body>
<pre>
<h1>µVision Build Log</h1>
<h2>Project:</h2>
C:\Users\caizhu\Downloads\Downloads\goalie\MRK-master\mRKv2.0\MRK.uvproj
Project File Date:  12/12/2012

<h2>Output:</h2>
Build target 'mbed NXP LPC1768'
compiling nrk_cpu.cpp...
compiling nrk_status.cpp...
compiling nrk_timer.cpp...
mrk_uvision_lpc1768\mrk\NanoRk\src\kernel\hal\LPC1768\nrk_timer.cpp(177): warning:  #191-D: type qualifier is meaningless on cast type
mrk_uvision_lpc1768\mrk\NanoRk\src\kernel\hal\LPC1768\nrk_timer.cpp(298): warning:  #191-D: type qualifier is meaningless on cast type
compiling nrk_watchdog.cpp...
compiling nrk.cpp...
compiling nrk_error.cpp...
mrk_uvision_lpc1768\mrk\NanoRk\src\kernel\source\nrk_error.cpp(165): warning:  #177-D: variable "i" was declared but never referenced
compiling nrk_events.cpp...
mrk_uvision_lpc1768\mrk\NanoRk\src\kernel\source\nrk_events.cpp(279): warning:  #177-D: variable "task_ID" was declared but never referenced
compiling nrk_idle_task.cpp...
mrk_uvision_lpc1768\mrk\NanoRk\src\kernel\source\nrk_idle_task.cpp(39): warning:  #177-D: variable "stkc" was declared but never referenced
compiling nrk_reserve.cpp...
compiling nrk_scheduler.cpp...
compiling nrk_stack_check.cpp...
compiling nrk_stats.cpp...
compiling nrk_task.cpp...
mrk_uvision_lpc1768\mrk\NanoRk\src\kernel\source\nrk_task.cpp(230): warning:  #550-D: variable "rtype" was set but never used
mrk_uvision_lpc1768\mrk\NanoRk\src\kernel\source\nrk_task.cpp(524): warning:  #191-D: type qualifier is meaningless on cast type
compiling nrk_time.cpp...
compiling hal_wait.cpp...
compiling ulib.cpp...
mrk_uvision_lpc1768\mrk\NanoRk\src\platform\mbed\source\ulib.cpp(338): warning:  #9-D: nested comment is not allowed
mrk_uvision_lpc1768\mrk\NanoRk\src\platform\mbed\source\ulib.cpp(606): warning:  #111-D: statement is unreachable
mrk_uvision_lpc1768\mrk\NanoRk\src\platform\mbed\source\ulib.cpp(657): warning:  #940-D: missing return statement at end of non-void function "nrk_get_button"
mrk_uvision_lpc1768\mrk\NanoRk\src\platform\mbed\source\ulib.cpp(826): warning: C3017W: uClk may be used before being set
assembling my_asm.s...
mrk_uvision_lpc1768\mrk\my_asm.s(93): warning: A1581W: Added 2 bytes of padding at address 0x6a
compiling adc_driver.cpp...
mrk_uvision_lpc1768\mrk\NanoRk\src\drivers\platform\mbed\adc_driver.cpp(69): warning:  #68-D: integer conversion resulted in a change of sign
mrk_uvision_lpc1768\mrk\NanoRk\src\drivers\platform\mbed\adc_driver.cpp(73): warning:  #68-D: integer conversion resulted in a change of sign
mrk_uvision_lpc1768\mrk\NanoRk\src\drivers\platform\mbed\adc_driver.cpp(76): warning:  #68-D: integer conversion resulted in a change of sign
mrk_uvision_lpc1768\mrk\NanoRk\src\drivers\platform\mbed\adc_driver.cpp(96): warning:  #68-D: integer conversion resulted in a change of sign
mrk_uvision_lpc1768\mrk\NanoRk\src\drivers\platform\mbed\adc_driver.cpp(105): warning:  #68-D: integer conversion resulted in a change of sign
compiling ff_basic_sensor.cpp...
mrk_uvision_lpc1768\mrk\NanoRk\src\drivers\platform\mbed\ff_basic_sensor.cpp(68): warning:  #68-D: integer conversion resulted in a change of sign
mrk_uvision_lpc1768\mrk\NanoRk\src\drivers\platform\mbed\ff_basic_sensor.cpp(82): warning:  #68-D: integer conversion resulted in a change of sign
mrk_uvision_lpc1768\mrk\NanoRk\src\drivers\platform\mbed\ff_basic_sensor.cpp(86): warning:  #68-D: integer conversion resulted in a change of sign
mrk_uvision_lpc1768\mrk\NanoRk\src\drivers\platform\mbed\ff_basic_sensor.cpp(89): warning:  #68-D: integer conversion resulted in a change of sign
mrk_uvision_lpc1768\mrk\NanoRk\src\drivers\platform\mbed\ff_basic_sensor.cpp(170): warning:  #68-D: integer conversion resulted in a change of sign
mrk_uvision_lpc1768\mrk\NanoRk\src\drivers\platform\mbed\ff_basic_sensor.cpp(193): warning:  #68-D: integer conversion resulted in a change of sign
mrk_uvision_lpc1768\mrk\NanoRk\src\drivers\platform\mbed\ff_basic_sensor.cpp(209): warning:  #68-D: integer conversion resulted in a change of sign
mrk_uvision_lpc1768\mrk\NanoRk\src\drivers\platform\mbed\ff_basic_sensor.cpp(265): warning:  #1-D: last line of file ends without a newline
compiling nrk_driver.cpp...
mrk_uvision_lpc1768\mrk\NanoRk\src\kernel\source\nrk_driver.cpp(141): warning:  #186-D: pointless comparison of unsigned integer with zero
compiling bmac.cpp...
mrk_uvision_lpc1768\mrk\NanoRk\src\net\bmac\bmac.cpp(462): warning:  #550-D: variable "result" was set but never used
mrk_uvision_lpc1768\mrk\NanoRk\src\net\bmac\bmac.cpp(503): warning:  #177-D: variable "result" was declared but never referenced
mrk_uvision_lpc1768\mrk\NanoRk\src\net\bmac\bmac.cpp(555): warning:  #550-D: variable "e" was set but never used
mrk_uvision_lpc1768\mrk\NanoRk\src\net\bmac\bmac.cpp(556): warning:  #177-D: variable "backoff" was declared but never referenced
mrk_uvision_lpc1768\mrk\NanoRk\src\net\bmac\bmac.cpp(804): warning:  #1-D: last line of file ends without a newline
mrk_uvision_lpc1768\mrk\NanoRk\src\net\bmac\bmac.cpp(66): warning:  #550-D: variable "g_chan" was set but never used
mrk_uvision_lpc1768\mrk\NanoRk\src\net\bmac\bmac.cpp(72): warning:  #550-D: variable "tx_reserve" was set but never used
compiling basic_rf.cpp...
mrk_uvision_lpc1768\mrk\NanoRk\src\radio\mrf24j40\source\basic_rf.cpp(336): warning:  #61-D: integer operation result is out of range
mrk_uvision_lpc1768\mrk\NanoRk\src\radio\mrf24j40\source\basic_rf.cpp(336): warning:  #68-D: integer conversion resulted in a change of sign
compiling MRF24J40.cpp...
compiling main.cpp...
.\mbed\position.h(111): warning:  #550-D: variable "xO" was set but never used
.\mbed\position.h(111): warning:  #550-D: variable "yO" was set but never used
.\mbed\position.h(114): warning:  #177-D: variable "alpha" was declared but never referenced
.\mbed\position.h(114): warning:  #177-D: variable "phi" was declared but never referenced
.\mbed\position.h(114): warning:  #177-D: variable "r" was declared but never referenced
.\mbed\wiicamera.h(63): warning:  #177-D: variable "flag" was declared but never referenced
.\mbed\goto.h(27): warning:  #940-D: missing return statement at end of non-void function "approach_net"
.\mbed\m3pi.h(244): warning:  #1-D: last line of file ends without a newline
mrk_uvision_lpc1768\mrk\NanoRk\Projects\basic_bmac\main.cpp(196): warning:  #177-D: variable "i" was declared but never referenced
mrk_uvision_lpc1768\mrk\NanoRk\Projects\basic_bmac\main.cpp(197): warning:  #550-D: variable "val" was set but never used
mrk_uvision_lpc1768\mrk\NanoRk\Projects\basic_bmac\main.cpp(198): warning:  #550-D: variable "local_rx_buf" was set but never used
mrk_uvision_lpc1768\mrk\NanoRk\Projects\basic_bmac\main.cpp(199): warning:  #177-D: variable "check_period" was declared but never referenced
mrk_uvision_lpc1768\mrk\NanoRk\Projects\basic_bmac\main.cpp(297): warning:  #546-D: transfer of control bypasses initialization of:
mrk_uvision_lpc1768\mrk\NanoRk\Projects\basic_bmac\main.cpp(263): warning:  #177-D: variable "j" was declared but never referenced
mrk_uvision_lpc1768\mrk\NanoRk\Projects\basic_bmac\main.cpp(263): warning:  #177-D: variable "i" was declared but never referenced
mrk_uvision_lpc1768\mrk\NanoRk\Projects\basic_bmac\main.cpp(263): warning:  #177-D: variable "len" was declared but never referenced
mrk_uvision_lpc1768\mrk\NanoRk\Projects\basic_bmac\main.cpp(264): warning:  #177-D: variable "v" was declared but never referenced
mrk_uvision_lpc1768\mrk\NanoRk\Projects\basic_bmac\main.cpp(266): warning:  #177-D: variable "ret" was declared but never referenced
mrk_uvision_lpc1768\mrk\NanoRk\Projects\basic_bmac\main.cpp(267): warning:  #177-D: variable "r_period" was declared but never referenced
mrk_uvision_lpc1768\mrk\NanoRk\Projects\basic_bmac\main.cpp(433): warning:  #1-D: last line of file ends without a newline
compiling m3pi.cpp...
.\mbed\m3pi.h(244): warning:  #1-D: last line of file ends without a newline
linking...
Program Size: Code=33744 RO-data=2448 RW-data=424 ZI-data=2888  
User command #1: fromelf --bin -o E:\MRK.bin .\build\MRK.axf
Error: Q0108E: Could not create output file 'E:\MRK.bin': No such file or directory
Finished: 0 information, 0 warning and 1 error messages.
".\build\MRK.axf" - 0 Error(s), 56 Warning(s).
