<html>
<body>
<pre>
<h1>µVision Build Log</h1>
<h2>Project:</h2>
C:\Users\caizhu\Downloads\Downloads\Downloads\goalie\MRK-master\mRKv2.0\MRK.uvproj
Project File Date:  11/28/2012

<h2>Output:</h2>
Build target 'mbed NXP LPC1768'
compiling main.cpp...
.\mbed\position.h(111): warning:  #550-D: variable "xO" was set but never used
.\mbed\position.h(111): warning:  #550-D: variable "yO" was set but never used
.\mbed\position.h(114): warning:  #177-D: variable "alpha" was declared but never referenced
.\mbed\position.h(114): warning:  #177-D: variable "phi" was declared but never referenced
.\mbed\position.h(114): warning:  #177-D: variable "r" was declared but never referenced
.\mbed\wiicamera.h(63): warning:  #177-D: variable "flag" was declared but never referenced
.\mbed\goto.h(27): warning:  #940-D: missing return statement at end of non-void function "approach_net"
.\mbed\m3pi.h(244): warning:  #1-D: last line of file ends without a newline
mrk_uvision_lpc1768\mrk\NanoRk\Projects\basic_bmac\main.cpp(196): warning:  #177-D: variable "i" was declared but never referenced
mrk_uvision_lpc1768\mrk\NanoRk\Projects\basic_bmac\main.cpp(197): warning:  #550-D: variable "val" was set but never used
mrk_uvision_lpc1768\mrk\NanoRk\Projects\basic_bmac\main.cpp(198): warning:  #550-D: variable "local_rx_buf" was set but never used
mrk_uvision_lpc1768\mrk\NanoRk\Projects\basic_bmac\main.cpp(199): warning:  #177-D: variable "check_period" was declared but never referenced
mrk_uvision_lpc1768\mrk\NanoRk\Projects\basic_bmac\main.cpp(308): warning:  #546-D: transfer of control bypasses initialization of:
mrk_uvision_lpc1768\mrk\NanoRk\Projects\basic_bmac\main.cpp(267): warning:  #177-D: variable "j" was declared but never referenced
mrk_uvision_lpc1768\mrk\NanoRk\Projects\basic_bmac\main.cpp(267): warning:  #177-D: variable "i" was declared but never referenced
mrk_uvision_lpc1768\mrk\NanoRk\Projects\basic_bmac\main.cpp(267): warning:  #177-D: variable "len" was declared but never referenced
mrk_uvision_lpc1768\mrk\NanoRk\Projects\basic_bmac\main.cpp(268): warning:  #177-D: variable "v" was declared but never referenced
mrk_uvision_lpc1768\mrk\NanoRk\Projects\basic_bmac\main.cpp(270): warning:  #177-D: variable "ret" was declared but never referenced
mrk_uvision_lpc1768\mrk\NanoRk\Projects\basic_bmac\main.cpp(271): warning:  #177-D: variable "r_period" was declared but never referenced
mrk_uvision_lpc1768\mrk\NanoRk\Projects\basic_bmac\main.cpp(446): warning:  #1-D: last line of file ends without a newline
linking...
Program Size: Code=33744 RO-data=2448 RW-data=424 ZI-data=2888  
User command #1: fromelf --bin -o E:\MRK.bin .\build\MRK.axf
".\build\MRK.axf" - 0 Error(s), 20 Warning(s).
Build target 'mbed NXP LPC1768'
compiling main.cpp...
.\mbed\position.h(111): warning:  #550-D: variable "xO" was set but never used
.\mbed\position.h(111): warning:  #550-D: variable "yO" was set but never used
.\mbed\position.h(114): warning:  #177-D: variable "alpha" was declared but never referenced
.\mbed\position.h(114): warning:  #177-D: variable "phi" was declared but never referenced
.\mbed\position.h(114): warning:  #177-D: variable "r" was declared but never referenced
.\mbed\wiicamera.h(63): warning:  #177-D: variable "flag" was declared but never referenced
.\mbed\goto.h(27): warning:  #940-D: missing return statement at end of non-void function "approach_net"
.\mbed\m3pi.h(244): warning:  #1-D: last line of file ends without a newline
mrk_uvision_lpc1768\mrk\NanoRk\Projects\basic_bmac\main.cpp(196): warning:  #177-D: variable "i" was declared but never referenced
mrk_uvision_lpc1768\mrk\NanoRk\Projects\basic_bmac\main.cpp(197): warning:  #550-D: variable "val" was set but never used
mrk_uvision_lpc1768\mrk\NanoRk\Projects\basic_bmac\main.cpp(198): warning:  #550-D: variable "local_rx_buf" was set but never used
mrk_uvision_lpc1768\mrk\NanoRk\Projects\basic_bmac\main.cpp(199): warning:  #177-D: variable "check_period" was declared but never referenced
mrk_uvision_lpc1768\mrk\NanoRk\Projects\basic_bmac\main.cpp(308): warning:  #546-D: transfer of control bypasses initialization of:
mrk_uvision_lpc1768\mrk\NanoRk\Projects\basic_bmac\main.cpp(267): warning:  #177-D: variable "j" was declared but never referenced
mrk_uvision_lpc1768\mrk\NanoRk\Projects\basic_bmac\main.cpp(267): warning:  #177-D: variable "i" was declared but never referenced
mrk_uvision_lpc1768\mrk\NanoRk\Projects\basic_bmac\main.cpp(267): warning:  #177-D: variable "len" was declared but never referenced
mrk_uvision_lpc1768\mrk\NanoRk\Projects\basic_bmac\main.cpp(268): warning:  #177-D: variable "v" was declared but never referenced
mrk_uvision_lpc1768\mrk\NanoRk\Projects\basic_bmac\main.cpp(270): warning:  #177-D: variable "ret" was declared but never referenced
mrk_uvision_lpc1768\mrk\NanoRk\Projects\basic_bmac\main.cpp(271): warning:  #177-D: variable "r_period" was declared but never referenced
mrk_uvision_lpc1768\mrk\NanoRk\Projects\basic_bmac\main.cpp(446): warning:  #1-D: last line of file ends without a newline
linking...
Program Size: Code=33744 RO-data=2448 RW-data=424 ZI-data=2888  
User command #1: fromelf --bin -o E:\MRK.bin .\build\MRK.axf
".\build\MRK.axf" - 0 Error(s), 20 Warning(s).
Build target 'mbed NXP LPC1768'
compiling main.cpp...
.\mbed\position.h(111): warning:  #550-D: variable "xO" was set but never used
.\mbed\position.h(111): warning:  #550-D: variable "yO" was set but never used
.\mbed\position.h(114): warning:  #177-D: variable "alpha" was declared but never referenced
.\mbed\position.h(114): warning:  #177-D: variable "phi" was declared but never referenced
.\mbed\position.h(114): warning:  #177-D: variable "r" was declared but never referenced
.\mbed\wiicamera.h(63): warning:  #177-D: variable "flag" was declared but never referenced
.\mbed\goto.h(27): warning:  #940-D: missing return statement at end of non-void function "approach_net"
.\mbed\m3pi.h(244): warning:  #1-D: last line of file ends without a newline
mrk_uvision_lpc1768\mrk\NanoRk\Projects\basic_bmac\main.cpp(196): warning:  #177-D: variable "i" was declared but never referenced
mrk_uvision_lpc1768\mrk\NanoRk\Projects\basic_bmac\main.cpp(197): warning:  #550-D: variable "val" was set but never used
mrk_uvision_lpc1768\mrk\NanoRk\Projects\basic_bmac\main.cpp(198): warning:  #550-D: variable "local_rx_buf" was set but never used
mrk_uvision_lpc1768\mrk\NanoRk\Projects\basic_bmac\main.cpp(199): warning:  #177-D: variable "check_period" was declared but never referenced
mrk_uvision_lpc1768\mrk\NanoRk\Projects\basic_bmac\main.cpp(308): warning:  #546-D: transfer of control bypasses initialization of:
mrk_uvision_lpc1768\mrk\NanoRk\Projects\basic_bmac\main.cpp(267): warning:  #177-D: variable "j" was declared but never referenced
mrk_uvision_lpc1768\mrk\NanoRk\Projects\basic_bmac\main.cpp(267): warning:  #177-D: variable "i" was declared but never referenced
mrk_uvision_lpc1768\mrk\NanoRk\Projects\basic_bmac\main.cpp(267): warning:  #177-D: variable "len" was declared but never referenced
mrk_uvision_lpc1768\mrk\NanoRk\Projects\basic_bmac\main.cpp(268): warning:  #177-D: variable "v" was declared but never referenced
mrk_uvision_lpc1768\mrk\NanoRk\Projects\basic_bmac\main.cpp(270): warning:  #177-D: variable "ret" was declared but never referenced
mrk_uvision_lpc1768\mrk\NanoRk\Projects\basic_bmac\main.cpp(271): warning:  #177-D: variable "r_period" was declared but never referenced
mrk_uvision_lpc1768\mrk\NanoRk\Projects\basic_bmac\main.cpp(446): warning:  #1-D: last line of file ends without a newline
linking...
Program Size: Code=33744 RO-data=2448 RW-data=424 ZI-data=2888  
User command #1: fromelf --bin -o E:\MRK.bin .\build\MRK.axf
".\build\MRK.axf" - 0 Error(s), 20 Warning(s).
Build target 'mbed NXP LPC1768'
linking...
Program Size: Code=33744 RO-data=2448 RW-data=424 ZI-data=2888  
User command #1: fromelf --bin -o E:\MRK.bin .\build\MRK.axf
".\build\MRK.axf" - 0 Error(s), 0 Warning(s).
