ARM Linker, 4.1 [Build 894] [Standard]

==============================================================================

Section Cross References

    nrk_cpu.o(i._Z16nrk_target_startv) refers to nrk_timer.o(i._Z16_nrk_setup_timerv) for _nrk_setup_timer()
    nrk_cpu.o(i._Z16nrk_task_set_stkP9task_typePjt) refers to nrk_error.o(i._Z13nrk_error_addh) for nrk_error_add(unsigned char)
    nrk_cpu.o(i._Z22nrk_stack_pointer_initv) refers to nrk.o(.bss) for nrk_kernel_stk
    nrk_cpu.o(i._Z22nrk_stack_pointer_initv) refers to nrk.o(.data) for nrk_kernel_stk_ptr
    nrk_cpu.o(i._Z22nrk_stack_pointer_initv) refers to nrk.o(i._nrk_timer_tick) for _nrk_timer_tick
    nrk_cpu.o(i._Z25nrk_stack_pointer_restorev) refers to nrk.o(.bss) for nrk_kernel_stk
    nrk_cpu.o(i._Z25nrk_stack_pointer_restorev) refers to nrk.o(i._nrk_timer_tick) for _nrk_timer_tick
    nrk_cpu.o(i._Z25nrk_stack_pointer_restorev) refers to nrk.o(.data) for nrk_kernel_stk_ptr
    nrk_cpu.o(.ARM.exidx) refers to nrk_cpu.o(i._Z16nrk_battery_savev) for i._Z16nrk_battery_savev
    nrk_cpu.o(.ARM.exidx) refers to nrk_cpu.o(i._Z9nrk_sleepv) for i._Z9nrk_sleepv
    nrk_cpu.o(.ARM.exidx) refers to nrk_cpu.o(i._Z8nrk_idlev) for i._Z8nrk_idlev
    nrk_cpu.o(.ARM.exidx) refers to nrk_cpu.o(i._Z27nrk_task_set_entry_functionP9task_typePFvvE) for i._Z27nrk_task_set_entry_functionP9task_typePFvvE
    nrk_cpu.o(.ARM.exidx) refers to nrk_cpu.o(i._Z16nrk_task_set_stkP9task_typePjt) for i._Z16nrk_task_set_stkP9task_typePjt
    nrk_cpu.o(.ARM.exidx) refers to nrk_cpu.o(i._Z17nrk_task_stk_initPFvvEPjS1_) for i._Z17nrk_task_stk_initPFvvEPjS1_
    nrk_cpu.o(.ARM.exidx) refers to nrk_cpu.o(i._Z22nrk_stack_pointer_initv) for i._Z22nrk_stack_pointer_initv
    nrk_cpu.o(.ARM.exidx) refers to nrk_cpu.o(i._Z25nrk_stack_pointer_restorev) for i._Z25nrk_stack_pointer_restorev
    nrk_cpu.o(.ARM.exidx) refers to nrk_cpu.o(i._Z16nrk_target_startv) for i._Z16nrk_target_startv
    nrk_status.o(.ARM.exidx) refers to nrk_status.o(i._Z18_nrk_startup_errorv) for i._Z18_nrk_startup_errorv
    nrk_timer.o(i.TIMER0_IRQHandler) refers to my_asm.o(.text) for _swap
    nrk_timer.o(i._Z16_nrk_setup_timerv) refers to nrk_timer.o(i._Z14NVIC_EnableIRQ4IRQn) for NVIC_EnableIRQ(IRQn)
    nrk_timer.o(i._Z16_nrk_setup_timerv) refers to nrk_timer.o(i._Z19_nrk_os_timer_resetv) for _nrk_os_timer_reset()
    nrk_timer.o(i._Z16_nrk_setup_timerv) refers to nrk_timer.o(i._Z19_nrk_os_timer_startv) for _nrk_os_timer_start()
    nrk_timer.o(i._Z16_nrk_setup_timerv) refers to nrk_timer.o(.data) for .data
    nrk_timer.o(i._Z16nrk_spin_wait_usj) refers to wait_api.c.lpc1768.arm.o(i.wait_us) for wait_us
    nrk_timer.o(i._Z19_nrk_os_timer_resetv) refers to nrk_timer.o(.data) for .data
    nrk_timer.o(i._Z25nrk_high_speed_timer_waittt) refers to nrk_timer.o(i._Z25_nrk_high_speed_timer_getv) for _nrk_high_speed_timer_get()
    nrk_timer.o(.ARM.exidx) refers to nrk_timer.o(i._Z16nrk_spin_wait_usj) for i._Z16nrk_spin_wait_usj
    nrk_timer.o(.ARM.exidx) refers to nrk_timer.o(i._Z19_nrk_os_timer_startv) for i._Z19_nrk_os_timer_startv
    nrk_timer.o(.ARM.exidx) refers to nrk_timer.o(i._Z19_nrk_os_timer_resetv) for i._Z19_nrk_os_timer_resetv
    nrk_timer.o(.ARM.exidx) refers to nrk_timer.o(i._Z16_nrk_setup_timerv) for i._Z16_nrk_setup_timerv
    nrk_timer.o(.ARM.exidx) refers to nrk_timer.o(i._Z26_nrk_high_speed_timer_stopv) for i._Z26_nrk_high_speed_timer_stopv
    nrk_timer.o(.ARM.exidx) refers to nrk_timer.o(i._Z27_nrk_high_speed_timer_startv) for i._Z27_nrk_high_speed_timer_startv
    nrk_timer.o(.ARM.exidx) refers to nrk_timer.o(i._Z27_nrk_high_speed_timer_resetv) for i._Z27_nrk_high_speed_timer_resetv
    nrk_timer.o(.ARM.exidx) refers to nrk_timer.o(i._Z25_nrk_high_speed_timer_getv) for i._Z25_nrk_high_speed_timer_getv
    nrk_timer.o(.ARM.exidx) refers to nrk_timer.o(i._Z25nrk_high_speed_timer_waittt) for i._Z25nrk_high_speed_timer_waittt
    nrk_timer.o(.ARM.exidx) refers to nrk_timer.o(i._Z18_nrk_os_timer_stopv) for i._Z18_nrk_os_timer_stopv
    nrk_timer.o(.ARM.exidx) refers to nrk_timer.o(i._Z17_nrk_os_timer_seth) for i._Z17_nrk_os_timer_seth
    nrk_timer.o(.ARM.exidx) refers to nrk_timer.o(i._Z20_nrk_get_next_wakeupv) for i._Z20_nrk_get_next_wakeupv
    nrk_timer.o(.ARM.exidx) refers to nrk_timer.o(i._Z20_nrk_set_next_wakeuph) for i._Z20_nrk_set_next_wakeuph
    nrk_timer.o(.ARM.exidx) refers to nrk_timer.o(i._Z18nrk_timer_int_stoph) for i._Z18nrk_timer_int_stoph
    nrk_timer.o(.ARM.exidx) refers to nrk_timer.o(i._Z19nrk_timer_int_reseth) for i._Z19nrk_timer_int_reseth
    nrk_timer.o(.ARM.exidx) refers to nrk_timer.o(i._Z18nrk_timer_int_readh) for i._Z18nrk_timer_int_readh
    nrk_timer.o(.ARM.exidx) refers to nrk_timer.o(i._Z19nrk_timer_int_starth) for i._Z19nrk_timer_int_starth
    nrk_timer.o(.ARM.exidx) refers to nrk_timer.o(i._Z23nrk_timer_int_configurehttPv) for i._Z23nrk_timer_int_configurehttPv
[...]
    Region$$Table$$Limit                     0x0000bb04   Number         0  anon$$obj.o(Region$$Table)
    __aeabi_HUGE_VAL                         0x0000bb04   Data           0  fpconst.o(c$$dinf)
    __aeabi_HUGE_VALL                        0x0000bb04   Data           0  fpconst.o(c$$dinf)
    __aeabi_INFINITY                         0x0000bb04   Data           0  fpconst.o(c$$dinf)
    __dInf                                   0x0000bb04   Data           0  fpconst.o(c$$dinf)
    __huge_val                               0x0000bb04   Data           0  fpconst.o(c$$dinf)
    __ctype                                  0x0000bb19   Data           0  lc_ctype_c.o(locale$$data)
    SHT$$INIT_ARRAY$$Base                    0x0000bc38   Number         0  main.o(.init_array)
    SHT$$INIT_ARRAY$$Limit                   0x0000bc3c   Number         0  main.o(.init_array)
    _nrk_prev_timer_val                      0x100000c4   Data           1  nrk_timer.o(.data)
    _nrk_time_trigger                        0x100000c5   Data           1  nrk_timer.o(.data)
    nrk_kernel_stk_ptr                       0x100000c8   Data           4  nrk.o(.data)
    nrk_wakeup_signal                        0x100000cc   Data           1  nrk.o(.data)
    nrk_cur_task_prio                        0x100000d0   Data           1  nrk.o(.data)
    nrk_high_ready_prio                      0x100000d1   Data           1  nrk.o(.data)
    nrk_task_init_cnt                        0x100000d2   Data           1  nrk.o(.data)
    _free_node                               0x100000d4   Data           4  nrk.o(.data)
    _head_node                               0x100000d8   Data           4  nrk.o(.data)
    nrk_cur_task_TCB                         0x100000dc   Data           4  nrk.o(.data)
    nrk_high_ready_TCB                       0x100000e0   Data           4  nrk.o(.data)
    nrk_system_time                          0x100000e4   Data           8  nrk.o(.data)
    error_task                               0x100000ec   Data           1  nrk_error.o(.data)
    error_num                                0x100000ed   Data           1  nrk_error.o(.data)
    _nrk_signal_list                         0x100000f0   Data           4  nrk_events.o(.data)
    _nrk_cpu_state                           0x100000f4   Data           1  nrk_scheduler.o(.data)
    task_addr                                0x100000f8   Data           4  nrk_scheduler.o(.data)
    channel                                  0x100000fc   Data           1  adc_driver.o(.data)
    adc_reg                                  0x10000100   Data           4  adc_driver.o(.data)
    bmac_rx_pkt_signal                       0x10000104   Data           1  bmac.o(.data)
    bmac_tx_pkt_done_signal                  0x10000105   Data           1  bmac.o(.data)
    bmac_enable_signal                       0x10000106   Data           1  bmac.o(.data)
    rx_ready                                 0x1000011c   Data           1  basic_rf.o(.data)
    auto_ack_enable                          0x1000011d   Data           1  basic_rf.o(.data)
    security_enable                          0x1000011e   Data           1  basic_rf.o(.data)
    rx_data_ready                            0x1000011f   Data           1  basic_rf.o(.data)
    tx_status_ready                          0x10000120   Data           1  basic_rf.o(.data)
    rssi_cca_thold                           0x10000121   Data           1  basic_rf.o(.data)
    myAddr                                   0x10000122   Data           2  mrf24j40.o(.data)
    myPanid                                  0x10000124   Data           2  mrf24j40.o(.data)
    state                                    0x10000128   Data           1  main.o(.data)
    id_char                                  0x10000129   Data           1  main.o(.data)
    count                                    0x1000012c   Data           4  main.o(.data)
    id                                       0x10000130   Data           4  main.o(.data)
    actFlag                                  0x10000134   Data           4  main.o(.data)
    deFlag                                   0x10000138   Data           4  main.o(.data)
    goal_A                                   0x1000013c   Data           4  main.o(.data)
    goal_B                                   0x10000140   Data           4  main.o(.data)
    inited                                   0x10000144   Data           4  main.o(.data)
    dist                                     0x10000148   Data           4  main.o(.data)
    degree                                   0x1000014c   Data           4  main.o(.data)
    ad0                                      0x10000150   Data           4  main.o(.data)
    ad1                                      0x10000154   Data           4  main.o(.data)
    approachFlag                             0x10000158   Data           4  main.o(.data)
    passFlag                                 0x1000015c   Data           4  main.o(.data)
    assistFlag                               0x10000160   Data           4  main.o(.data)
    X_home                                   0x10000164   Data           4  main.o(.data)
    Y_home                                   0x10000168   Data           4  main.o(.data)
    X_net                                    0x1000016c   Data           4  main.o(.data)
    Y_net                                    0x10000170   Data           4  main.o(.data)
    X_assist                                 0x10000174   Data           4  main.o(.data)
    Y_assist                                 0x10000178   Data           4  main.o(.data)
    X_pass                                   0x1000017c   Data           4  main.o(.data)
    Y_pass                                   0x10000180   Data           4  main.o(.data)
    net                                      0x10000184   Data           4  main.o(.data)
    net_d                                    0x10000188   Data           4  main.o(.data)
    orientation                              0x1000018c   Data           4  main.o(.data)
    ctr_cnt                                  0x10000190   Data           4  main.o(.data)
    theta                                    0x10000198   Data           8  main.o(.data)
    beta                                     0x100001a0   Data           8  main.o(.data)
    XBOT                                     0x100001a8   Data           8  main.o(.data)
    YBOT                                     0x100001b0   Data           8  main.o(.data)
    net_dist                                 0x100001b8   Data           8  main.o(.data)
    SystemCoreClock                          0x100001c0   Data           4  system_LPC17xx.o(.data)
    mbed::Base::_head                        0x100001c4   Data           4  Base.cpp.lpc1768.arm.o(.data)
    mbed::Base::_classes                     0x100001c8   Data           4  Base.cpp.lpc1768.arm.o(.data)
    mbed::Base::_base_class                  0x100001cc   Data          12  Base.cpp.lpc1768.arm.o(.data)
    mbed::I2C::_owner                        0x100001d8   Data           4  I2C.cpp.lpc1768.arm.o(.data)
    PWM_MATCH                                0x100001dc   Data          28  pwmout_api.c.lpc1768.arm.o(.data)
    __aeabi_stdin                            0x100001fc   Data           4  stdio_streams.o(.data)
    __aeabi_stdout                           0x10000200   Data           4  stdio_streams.o(.data)
    __aeabi_stderr                           0x10000204   Data           4  stdio_streams.o(.data)
    nrk_kernel_stk                           0x1000020c   Data         128  nrk.o(.bss)
    nrk_idle_task_stk                        0x1000028c   Data         128  nrk.o(.bss)
    nrk_task_TCB                             0x1000030c   Data         176  nrk.o(.bss)
    _nrk_readyQ                              0x100003bc   Data          60  nrk.o(.bss)
    bmac_rfRxInfo                            0x10000524   Data          16  bmac.o(.bss)
    bmac_rfTxInfo                            0x10000534   Data          12  bmac.o(.bss)
    rfSettings                               0x10000540   Data          12  basic_rf.o(.bss)
    blob                                     0x1000054c   Data          48  main.o(.bss)
    servo                                    0x1000057c   Data          16  main.o(.bss)
    i2c                                      0x1000058c   Data          24  main.o(.bss)
    m3pi                                     0x100005a4   Data         100  main.o(.bss)
    RX_TASK                                  0x10000608   Data          44  main.o(.bss)
    rx_task_stack                            0x10000634   Data         512  main.o(.bss)
    TX_TASK                                  0x10000834   Data          44  main.o(.bss)
    tx_task_stack                            0x10000860   Data         512  main.o(.bss)
    tx_buf                                   0x10000a60   Data         115  main.o(.bss)
    rx_buf                                   0x10000ad3   Data         115  main.o(.bss)
    __stdin                                  0x10000b88   Data          80  stdio_streams.o(.bss)
    __stdout                                 0x10000bd8   Data          80  stdio_streams.o(.bss)
    __stderr                                 0x10000c28   Data          80  stdio_streams.o(.bss)
    _random_number_data                      0x10000c78   Data         228  rand.o(.bss)
    Image$$RW_IRAM1$$ZI$$Limit               0x10000d84   Number         0  rt_fp_status_addr.o(.bss)



==============================================================================

Memory Map of the image

  Image Entry point : 0x000000c5

  Load Region LR_IROM1 (Base: 0x00000000, Size: 0x0000be48, Max: 0x00080000, ABSOLUTE, COMPRESSED[0x0000bc6c])

    Execution Region ER_IROM1 (Base: 0x00000000, Size: 0x0000bc3c, Max: 0x00080000, ABSOLUTE)

    Base Addr    Size         Type   Attr      Idx    E Section Name        Object

    0x00000000   0x000000c4   Data   RO         2981    RESET               startup_LPC17xx.o
    0x000000c4   0x00000008   Code   RO         3847  * !!!main             c_w.l(__main.o)
    0x000000cc   0x00000034   Code   RO         4778    !!!scatter          c_w.l(__scatter.o)
    0x00000100   0x0000005a   Code   RO         4776    !!dczerorl2         c_w.l(__dczerorl2.o)
    0x0000015a   0x00000002   PAD
    0x0000015c   0x0000001c   Code   RO         4780    !!handler_zi        c_w.l(__scatter_zi.o)
    0x00000178   0x00000000   Code   RO         3779    .ARM.Collect$$_printf_percent$$00000000  c_w.l(_printf_percent.o)
    0x00000178   0x00000006   Code   RO         4235    .ARM.Collect$$_printf_percent$$00000001  c_w.l(_printf_n.o)
    0x0000017e   0x00000006   Code   RO         4236    .ARM.Collect$$_printf_percent$$00000002  c_w.l(_printf_p.o)
    0x00000184   0x00000006   Code   RO         4240    .ARM.Collect$$_printf_percent$$00000003  c_w.l(_printf_f.o)
    0x0000018a   0x00000006   Code   RO         4241    .ARM.Collect$$_printf_percent$$00000004  c_w.l(_printf_e.o)
    0x00000190   0x00000006   Code   RO         3778    .ARM.Collect$$_printf_percent$$00000005  c_w.l(_printf_g.o)
    0x00000196   0x00000006   Code   RO         4242    .ARM.Collect$$_printf_percent$$00000006  c_w.l(_printf_a.o)
    0x0000019c   0x0000000a   Code   RO         4247    .ARM.Collect$$_printf_percent$$00000007  c_w.l(_printf_ll.o)
    0x000001a6   0x00000006   Code   RO         4238    .ARM.Collect$$_printf_percent$$00000008  c_w.l(_printf_i.o)
    0x000001ac   0x00000006   Code   RO         3777    .ARM.Collect$$_printf_percent$$00000009  c_w.l(_printf_d.o)
    0x000001b2   0x00000006   Code   RO         4239    .ARM.Collect$$_printf_percent$$0000000A  c_w.l(_printf_u.o)
    0x000001b8   0x00000006   Code   RO         4237    .ARM.Collect$$_printf_percent$$0000000B  c_w.l(_printf_o.o)
    0x000001be   0x00000006   Code   RO         3776    .ARM.Collect$$_printf_percent$$0000000C  c_w.l(_printf_x.o)
    0x000001c4   0x00000006   Code   RO         4244    .ARM.Collect$$_printf_percent$$0000000D  c_w.l(_printf_lli.o)
    0x000001ca   0x00000006   Code   RO         4245    .ARM.Collect$$_printf_percent$$0000000E  c_w.l(_printf_lld.o)
    0x000001d0   0x00000006   Code   RO         4246    .ARM.Collect$$_printf_percent$$0000000F  c_w.l(_printf_llu.o)
    0x000001d6   0x00000006   Code   RO         4251    .ARM.Collect$$_printf_percent$$00000010  c_w.l(_printf_llo.o)
    0x000001dc   0x00000006   Code   RO         4252    .ARM.Collect$$_printf_percent$$00000011  c_w.l(_printf_llx.o)
    0x000001e2   0x0000000a   Code   RO         4248    .ARM.Collect$$_printf_percent$$00000012  c_w.l(_printf_l.o)
    0x000001ec   0x00000006   Code   RO         3775    .ARM.Collect$$_printf_percent$$00000013  c_w.l(_printf_c.o)
    0x000001f2   0x00000006   Code   RO         4234    .ARM.Collect$$_printf_percent$$00000014  c_w.l(_printf_s.o)
    0x000001f8   0x00000006   Code   RO         4249    .ARM.Collect$$_printf_percent$$00000015  c_w.l(_printf_lc.o)
    0x000001fe   0x00000006   Code   RO         4250    .ARM.Collect$$_printf_percent$$00000016  c_w.l(_printf_ls.o)
    0x00000204   0x00000004   Code   RO         4243    .ARM.Collect$$_printf_percent$$00000017  c_w.l(_printf_percent_end.o)
    0x00000208   0x00000006   Code   RO         4684    .ARM.Collect$$libinit$$00000000  c_w.l(libinit.o)
    0x0000020e   0x00000008   Code   RO         4304    .ARM.Collect$$libinit$$00000001  c_w.l(libinit2.o)
    0x00000216   0x00000000   Code   RO         4306    .ARM.Collect$$libinit$$00000006  c_w.l(libinit2.o)
    0x00000216   0x00000000   Code   RO         4308    .ARM.Collect$$libinit$$00000008  c_w.l(libinit2.o)
    0x00000216   0x00000004   Code   RO         4309    .ARM.Collect$$libinit$$00000009  c_w.l(libinit2.o)
    0x0000021a   0x00000000   Code   RO         4310    .ARM.Collect$$libinit$$0000000A  c_w.l(libinit2.o)
    0x0000021a   0x00000006   Code   RO         4311    .ARM.Collect$$libinit$$0000000B  c_w.l(libinit2.o)
    0x00000220   0x00000000   Code   RO         4313    .ARM.Collect$$libinit$$0000000D  c_w.l(libinit2.o)
    0x00000220   0x0000000c   Code   RO         4314    .ARM.Collect$$libinit$$0000000E  c_w.l(libinit2.o)
    0x0000022c   0x00000000   Code   RO         4315    .ARM.Collect$$libinit$$0000000F  c_w.l(libinit2.o)
    0x0000022c   0x00000000   Code   RO         4317    .ARM.Collect$$libinit$$00000011  c_w.l(libinit2.o)
    0x0000022c   0x0000000a   Code   RO         4318    .ARM.Collect$$libinit$$00000012  c_w.l(libinit2.o)
    0x00000236   0x00000000   Code   RO         4319    .ARM.Collect$$libinit$$00000013  c_w.l(libinit2.o)
    0x00000236   0x00000000   Code   RO         4321    .ARM.Collect$$libinit$$00000015  c_w.l(libinit2.o)
    0x00000236   0x00000000   Code   RO         4323    .ARM.Collect$$libinit$$00000017  c_w.l(libinit2.o)
    0x00000236   0x00000000   Code   RO         4325    .ARM.Collect$$libinit$$00000019  c_w.l(libinit2.o)
    0x00000236   0x00000000   Code   RO         4327    .ARM.Collect$$libinit$$0000001B  c_w.l(libinit2.o)
    0x00000236   0x00000000   Code   RO         4329    .ARM.Collect$$libinit$$0000001D  c_w.l(libinit2.o)
    0x00000236   0x00000000   Code   RO         4331    .ARM.Collect$$libinit$$0000001F  c_w.l(libinit2.o)
    0x00000236   0x00000004   Code   RO         4332    .ARM.Collect$$libinit$$00000020  c_w.l(libinit2.o)
    0x0000023a   0x00000000   Code   RO         4333    .ARM.Collect$$libinit$$00000021  c_w.l(libinit2.o)
    0x0000023a   0x00000000   Code   RO         4337    .ARM.Collect$$libinit$$00000028  c_w.l(libinit2.o)
    0x0000023a   0x00000000   Code   RO         4339    .ARM.Collect$$libinit$$0000002A  c_w.l(libinit2.o)
    0x0000023a   0x00000000   Code   RO         4341    .ARM.Collect$$libinit$$0000002C  c_w.l(libinit2.o)
    0x0000023a   0x00000004   Code   RO         4342    .ARM.Collect$$libinit$$0000002D  c_w.l(libinit2.o)
    0x0000023e   0x00000000   Code   RO         4343    .ARM.Collect$$libinit$$0000002E  c_w.l(libinit2.o)
    0x0000023e   0x00000002   Code   RO         4344    .ARM.Collect$$libinit$$0000002F  c_w.l(libinit2.o)
    0x00000240   0x00000006   Code   RO         4345    .ARM.Collect$$libshutdown$$00000001  c_w.l(libshutdown2.o)
    0x00000246   0x00000000   Code   RO         4347    .ARM.Collect$$libshutdown$$00000003  c_w.l(libshutdown2.o)
    0x00000246   0x00000000   Code   RO         4119    .ARM.Collect$$rtentry$$00000000  c_w.l(rtentry.o)
    0x00000246   0x00000000   Code   RO         4462    .ARM.Collect$$rtentry$$00000002  c_w.l(rtentry2.o)
    0x00000246   0x00000006   Code   RO         4474    .ARM.Collect$$rtentry$$00000004  c_w.l(rtentry4.o)
    0x0000024c   0x00000000   Code   RO         4464    .ARM.Collect$$rtentry$$00000009  c_w.l(rtentry2.o)
    0x0000024c   0x00000004   Code   RO         4465    .ARM.Collect$$rtentry$$0000000A  c_w.l(rtentry2.o)
    0x00000250   0x00000000   Code   RO         4467    .ARM.Collect$$rtentry$$0000000C  c_w.l(rtentry2.o)
    0x00000250   0x00000008   Code   RO         4468    .ARM.Collect$$rtentry$$0000000D  c_w.l(rtentry2.o)
    0x00000258   0x00000034   Code   RO         3822    .emb_text           c_w.l(rand.o)
    0x0000028c   0x00000000   Code   RO         4646    .emb_text           c_w.l(maybetermalloc1.o)
    0x0000028c   0x00000024   Code   RO         2983    .text               startup_LPC17xx.o
    0x000002b0   0x00000014   Code   RO         3714    .text               c_w.l(fprintf.o)
    0x000002c4   0x0000002c   Code   RO         3718    .text               c_w.l(sprintf.o)
    0x000002f0   0x00000008   Code   RO         4131    .text               c_w.l(rt_ddtor_pointer_addr.o)
    0x000002f8   0x00000004   Code   RO         4366    .text               cpprt_w.l(arm_bad_typeid_noexceptions.o)
    0x000002fc   0x00000004   Code   RO         2982    .ARM.__at_0x02FC    startup_LPC17xx.o
    0x00000300   0x00000078   Code   RO         1431    .text               my_asm.o
    0x00000378   0x000000ee   Code   RO         3712    .text               c_w.l(lludivv7m.o)
    0x00000466   0x00000002   PAD
    0x00000468   0x00000018   Code   RO         3720    .text               c_w.l(__2printf.o)
    0x00000480   0x0000002c   Code   RO         3722    .text               c_w.l(__2sprintf.o)
    0x000004ac   0x00000052   Code   RO         3730    .text               c_w.l(_printf_str.o)
    0x000004fe   0x00000002   PAD
    0x00000500   0x00000078   Code   RO         3732    .text               c_w.l(_printf_dec.o)
    0x00000578   0x0000009c   Code   RO         3752    .text               c_w.l(_printf_hex_int_ll_ptr.o)
    0x00000614   0x0000018c   Code   RO         3772    .text               c_w.l(__printf_flags_ss_wp.o)
    0x000007a0   0x0000003c   Code   RO         3780    .text               c_w.l(sscanf.o)
    0x000007dc   0x00000064   Code   RO         3786    .text               c_w.l(fflush.o)
    0x00000840   0x00000022   Code   RO         3796    .text               c_w.l(fputs.o)
    0x00000862   0x00000002   PAD
    0x00000864   0x000000ec   Code   RO         3800    .text               c_w.l(fopen.o)
    0x00000950   0x00000014   Code   RO         3802    .text               c_w.l(setbuf.o)
    0x00000964   0x0000004c   Code   RO         3810    .text               c_w.l(fclose.o)
    0x000009b0   0x0000003c   Code   RO         3823    .text               c_w.l(rand.o)
    0x000009ec   0x0000007c   Code   RO         3830    .text               c_w.l(assert.o)
    0x00000a68   0x0000003e   Code   RO         3834    .text               c_w.l(strlen.o)
    0x00000aa6   0x00000096   Code   RO         3836    .text               c_w.l(strncmp.o)
    0x00000b3c   0x00000080   Code   RO         3844    .text               c_w.l(strcmpv7m.o)
    0x00000bbc   0x00000024   Code   RO         3852    .text               c_w.l(init_aeabi.o)
    0x00000be0   0x00000010   Code   RO         4120    .text               c_w.l(rt_ctype_table.o)
    0x00000bf0   0x00000008   Code   RO         4136    .text               c_w.l(rt_errno_addr.o)
    0x00000bf8   0x0000005e   Code   RO         4145    .text               c_w.l(h1_alloc.o)
    0x00000c56   0x0000004e   Code   RO         4147    .text               c_w.l(h1_free.o)
    0x00000ca4   0x00000016   Code   RO         4203    .text               c_w.l(_rserrno.o)
    0x00000cba   0x00000052   Code   RO         4205    .text               c_w.l(_printf_pad.o)
    0x00000d0c   0x00000024   Code   RO         4207    .text               c_w.l(_printf_truncate.o)
    0x00000d30   0x000000b8   Code   RO         4209    .text               c_w.l(_printf_intcommon.o)
    0x00000de8   0x0000002a   Code   RO         4211    .text               c_w.l(_printf_charcount.o)
    0x00000e12   0x00000420   Code   RO         4213    .text               c_w.l(_printf_fp_dec.o)
    0x00001232   0x00000002   PAD
    0x00001234   0x00000030   Code   RO         4215    .text               c_w.l(_printf_char_common.o)
    0x00001264   0x0000000a   Code   RO         4217    .text               c_w.l(_sputc.o)
    0x0000126e   0x0000002c   Code   RO         4219    .text               c_w.l(_printf_char.o)
    0x0000129a   0x00000002   PAD
    0x0000129c   0x00000024   Code   RO         4221    .text               c_w.l(_printf_char_file.o)
    0x000012c0   0x000000bc   Code   RO         4223    .text               c_w.l(_printf_wctomb.o)
    0x0000137c   0x00000078   Code   RO         4226    .text               c_w.l(_printf_longlong_dec.o)
    0x000013f4   0x00000078   Code   RO         4232    .text               c_w.l(_printf_oct_int_ll.o)
    0x0000146c   0x0000014c   Code   RO         4253    .text               c_w.l(_scanf_longlong.o)
    0x000015b8   0x00000150   Code   RO         4255    .text               c_w.l(_scanf_int.o)
    0x00001708   0x000000da   Code   RO         4257    .text               c_w.l(_scanf_str.o)
    0x000017e2   0x00000002   PAD
    0x000017e4   0x00000030   Code   RO         4259    .text               c_w.l(scanf_char.o)
    0x00001814   0x00000040   Code   RO         4261    .text               c_w.l(_sgetc.o)
    0x00001854   0x00000118   Code   RO         4269    .text               c_w.l(_scanf_mbtowc.o)
    0x0000196c   0x000000e2   Code   RO         4271    .text               c_w.l(_scanf_wctomb.o)
    0x00001a4e   0x000000ca   Code   RO         4273    .text               c_w.l(_scanf_wstr.o)
    0x00001b18   0x000001e0   Code   RO         4277    .text               c_w.l(flsbuf.o)
    0x00001cf8   0x000000f8   Code   RO         4279    .text               c_w.l(fseek.o)
    0x00001df0   0x00000046   Code   RO         4281    .text               c_w.l(setvbuf.o)
    0x00001e36   0x00000002   PAD
    0x00001e38   0x000000f0   Code   RO         4283    .text               c_w.l(stdio.o)
    0x00001f28   0x00000138   Code   RO         4286    .text               c_w.l(initio.o)
    0x00002060   0x00000010   Code   RO         4292    .text               c_w.l(abort.o)
    0x00002070   0x0000000e   Code   RO         4294    .text               c_w.l(defsig_pvfn_outer.o)
    0x0000207e   0x0000004e   Code   RO         4302    .text               c_w.l(rt_memclr_w.o)
    0x000020cc   0x0000000e   Code   RO         4454    .text               c_w.l(sys_wrch.o)
    0x000020da   0x00000002   PAD
    0x000020dc   0x0000000c   Code   RO         4456    .text               c_w.l(sys_exit.o)
    0x000020e8   0x00000008   Code   RO         4480    .text               c_w.l(rt_heap_descriptor.o)
    0x000020f0   0x00000008   Code   RO         4485    .text               c_w.l(rt_locale.o)
    0x000020f8   0x00000004   Code   RO         4490    .text               c_w.l(hguard.o)
    0x000020fc   0x0000008a   Code   RO         4492    .text               c_w.l(init_alloc.o)
    0x00002186   0x0000000e   Code   RO         4496    .text               c_w.l(h1_init.o)
    0x00002194   0x0000008a   Code   RO         4510    .text               c_w.l(lludiv10.o)
    0x0000221e   0x00000012   Code   RO         4512    .text               c_w.l(isspace.o)
    0x00002230   0x00000304   Code   RO         4514    .text               c_w.l(_printf_fp_hex.o)
    0x00002534   0x00000080   Code   RO         4517    .text               c_w.l(_printf_fp_infnan.o)
    0x000025b4   0x0000002c   Code   RO         4523    .text               c_w.l(_printf_wchar.o)
    0x000025e0   0x0000001c   Code   RO         4525    .text               c_w.l(_chval.o)
    0x000025fc   0x00000378   Code   RO         4527    .text               c_w.l(_scanf.o)
    0x00002974   0x000004a8   Code   RO         4529    .text               c_w.l(scanf_fp.o)
    0x00002e1c   0x0000001e   Code   RO         4533    .text               c_w.l(_scanf_wcharmap.o)
    0x00002e3a   0x00000002   PAD
    0x00002e3c   0x000000e4   Code   RO         4535    .text               c_w.l(bigflt0.o)
    0x00002f20   0x00000008   Code   RO         4562    .text               c_w.l(ferror.o)
    0x00002f28   0x00000046   Code   RO         4564    .text               c_w.l(ftell.o)
    0x00002f6e   0x0000003c   Code   RO         4588    .text               c_w.l(_mbrtowc.o)
    0x00002faa   0x00000040   Code   RO         4590    .text               c_w.l(_wcrtomb.o)
    0x00002fea   0x0000000a   Code   RO         4598    .text               c_w.l(defsig_exit.o)
    0x00002ff4   0x0000000e   Code   RO         4600    .text               c_w.l(defsig_abrt_outer.o)
    0x00003002   0x0000000e   Code   RO         4604    .text               c_w.l(defsig_rtred_outer.o)
    0x00003010   0x00000030   Code   RO         4608    .text               c_w.l(defsig_pvfn_inner.o)
    0x00003040   0x00000018   Code   RO         4610    .text               c_w.l(assert_stdio.o)
    0x00003058   0x0000001a   Code   RO         4618    .text               cpprt_w.l(arm_exceptions_terminate.o)
    0x00003072   0x00000002   Code   RO         4641    .text               c_w.l(use_no_semi.o)
    0x00003074   0x00000000   Code   RO         4643    .text               c_w.l(indicate_semi.o)
    0x00003074   0x00000034   Code   RO         4648    .text               c_w.l(h1_extend.o)
    0x000030a8   0x00000032   Code   RO         4656    .text               c_w.l(defsig_general.o)
    0x000030da   0x00000002   PAD
    0x000030dc   0x00000030   Code   RO         4658    .text               c_w.l(defsig_abrt_inner.o)
    0x0000310c   0x00000034   Code   RO         4664    .text               c_w.l(defsig_rtred_inner.o)
    0x00003140   0x0000000e   Code   RO         4666    .text               c_w.l(defsig_rtmem_outer.o)
    0x0000314e   0x00000002   PAD
    0x00003150   0x0000004c   Code   RO         4670    .text               c_w.l(heapauxa.o)
    0x0000319c   0x00000050   Code   RO         4691    .text               cpprt_w.l(arm_exceptions_globs.o)
    0x000031ec   0x00000008   Code   RO         4714    .text               c_w.l(rt_eh_globals_addr.o)
    0x000031f4   0x0000031c   Code   RO         4721    .text               c_w.l(scanf_hexfp.o)
    0x00003510   0x0000013c   Code   RO         4723    .text               c_w.l(scanf_infnan.o)
    0x0000364c   0x00000050   Code   RO         4729    .text               c_w.l(defsig_rtmem_inner.o)
    0x0000369c   0x0000003c   Code   RO         4733    .text               cpprt_w.l(arm_exceptions_mem.o)
    0x000036d8   0x00000008   Code   RO         4744    .text               c_w.l(rt_fp_status_addr.o)
    0x000036e0   0x00000026   Code   RO         4753    .text               c_w.l(llshl.o)
    0x00003706   0x0000003e   Code   RO         4538    CL$$btod_d2e        c_w.l(btod.o)
    0x00003744   0x00000046   Code   RO         4540    CL$$btod_d2e_denorm_low  c_w.l(btod.o)
    0x0000378a   0x00000060   Code   RO         4539    CL$$btod_d2e_norm_op1  c_w.l(btod.o)
    0x000037ea   0x00000338   Code   RO         4548    CL$$btod_div_common  c_w.l(btod.o)
    0x00003b22   0x00000002   PAD
    0x00003b24   0x00000054   Code   RO         4546    CL$$btod_e2d        c_w.l(btod.o)
    0x00003b78   0x000000c6   Code   RO         4545    CL$$btod_e2e        c_w.l(btod.o)
    0x00003c3e   0x00000028   Code   RO         4542    CL$$btod_ediv       c_w.l(btod.o)
    0x00003c66   0x00000028   Code   RO         4544    CL$$btod_edivd      c_w.l(btod.o)
    0x00003c8e   0x00000028   Code   RO         4541    CL$$btod_emul       c_w.l(btod.o)
    0x00003cb6   0x00000028   Code   RO         4543    CL$$btod_emuld      c_w.l(btod.o)
    0x00003cde   0x00000244   Code   RO         4547    CL$$btod_mult_common  c_w.l(btod.o)
    0x00003f22   0x00000002   PAD
    0x00003f24   0x00000040   Code   RO         1867    i.EINT3_IRQHandler  basic_rf.o
    0x00003f64   0x00000078   Code   RO         2986    i.SystemInit        system_LPC17xx.o
    0x00003fdc   0x0000001c   Code   RO          289    i.TIMER0_IRQHandler  nrk_timer.o
    0x00003ff8   0x00000018   Code   RO          290    i.TIMER1_IRQHandler  nrk_timer.o
    0x00004010   0x00000038   Code   RO         2282    i._Z10clock_initv   main.o
    0x00004048   0x00000048   Code   RO         2283    i._Z10go_forwardv   main.o
    0x00004090   0x00000028   Code   RO         2284    i._Z10i2c_write2icc  main.o
    0x000040b8   0x0000001e   Code   RO         2285    i._Z10led_passerv   main.o
    0x000040d6   0x00000002   PAD
    0x000040d8   0x0000001c   Code   RO         2133    i._Z10mrf_cs_seth   mrf24j40.o
    0x000040f4   0x00000020   Code   RO         1149    i._Z11GPIO_SetDirhjh  ulib.o
    0x00004114   0x000000a8   Code   RO         1566    i._Z11bmac_tx_pktPch  bmac.o
    0x000041bc   0x00000034   Code   RO         1435    i._Z11get_adc_valv  adc_driver.o
    0x000041f0   0x0000002c   Code   RO         1152    i._Z11nrk_led_clri  ulib.o
    0x0000421c   0x0000002c   Code   RO         1153    i._Z11nrk_led_seti  ulib.o
    0x00004248   0x000000bc   Code   RO         2286    i._Z11read_cameraPj  main.o
    0x00004304   0x00000028   Code   RO         1154    i._Z11set_PinFunchhh  ulib.o
    0x0000432c   0x0000006c   Code   RO         1568    i._Z12bmac_nw_taskv  bmac.o
    0x00004398   0x0000000c   Code   RO         1569    i._Z12bmac_startedv  bmac.o
    0x000043a4   0x0000001e   Code   RO         2287    i._Z12led_attackerv  main.o
    0x000043c2   0x0000001e   Code   RO         2288    i._Z12led_defenderv  main.o
    0x000043e0   0x00000028   Code   RO         2134    i._Z12mrf_set_addrt  mrf24j40.o
    0x00004408   0x000000bc   Code   RO         2135    i._Z12mrf_spi_inithhi  mrf24j40.o
    0x000044c4   0x00000184   Code   RO          489    i._Z12nrk_TCB_initP9task_typePjS1_tPvt  nrk.o
    0x00004648   0x00000042   Code   RO         1157    i._Z12nrk_gpio_clrj  ulib.o
    0x0000468a   0x00000042   Code   RO         1159    i._Z12nrk_gpio_setj  ulib.o
    0x000046cc   0x0000000a   Code   RO         1870    i._Z12rf_data_modev  basic_rf.o
    0x000046d6   0x00000002   PAD
    0x000046d8   0x00000018   Code   RO         1871    i._Z12rf_rx_packetv  basic_rf.o
    0x000046f0   0x0000000a   Code   RO         1872    i._Z12rf_test_modev  basic_rf.o
    0x000046fa   0x00000002   PAD
    0x000046fc   0x0000011c   Code   RO         1873    i._Z12rf_tx_packetP10RF_TX_INFO  basic_rf.o
    0x00004818   0x00000054   Code   RO         1436    i._Z12set_adc_chanh  adc_driver.o
    0x0000486c   0x00000048   Code   RO         1160    i._Z12setupSPIPinsv  ulib.o
    0x000048b4   0x00000046   Code   RO         3872    i._Z12tbc_downcastPvPKSt9type_infoP28a_base_class_traversal_blockPN10__cxxabiv122__base_class_type_infoE  cpprt_w.l(rtti.o)
    0x000048fa   0x00000014   Code   RO         1161    i._Z13GPIO_SetValuehj  ulib.o
    0x0000490e   0x0000001e   Code   RO         2289    i._Z13led_assistantv  main.o
    0x0000492c   0x0000005c   Code   RO         2137    i._Z13mrf_gpio_initv  mrf24j40.o
    0x00004988   0x0000004c   Code   RO         2138    i._Z13mrf_read_longt  mrf24j40.o
    0x000049d4   0x0000001c   Code   RO         2139    i._Z13mrf_reset_seth  mrf24j40.o
    0x000049f0   0x00000030   Code   RO         2140    i._Z13mrf_set_panidt  mrf24j40.o
    0x00004a20   0x0000001c   Code   RO         2141    i._Z13mrf_spi_writet  mrf24j40.o
    0x00004a3c   0x00000018   Code   RO          671    i._Z13nrk_error_addh  nrk_error.o
    0x00004a54   0x00000020   Code   RO          868    i._Z13nrk_idle_taskv  nrk_idle_task.o
    0x00004a74   0x00000022   Code   RO         1874    i._Z13rf_carrier_onv  basic_rf.o
    0x00004a96   0x00000018   Code   RO          291    i._Z14NVIC_EnableIRQ4IRQn  nrk_timer.o
    0x00004aae   0x00000002   PAD
    0x00004ab0   0x0000000c   Code   RO          673    i._Z14_nrk_errno_seth  nrk_error.o
    0x00004abc   0x00000290   Code   RO          887    i._Z14_nrk_schedulerv  nrk_scheduler.o
    0x00004d4c   0x0000010c   Code   RO         2290    i._Z14approach_net_Aii  main.o
    0x00004e58   0x0000010c   Code   RO         2291    i._Z14approach_net_Bii  main.o
    0x00004f64   0x0000003e   Code   RO         2143    i._Z14mrf_read_shorth  mrf24j40.o
    0x00004fa2   0x00000050   Code   RO         2144    i._Z14mrf_write_longth  mrf24j40.o
    0x00004ff2   0x00000002   PAD
    0x00004ff4   0x0000003c   Code   RO          764    i._Z14nrk_event_waitj  nrk_events.o
    0x00005030   0x00000004   Code   RO          490    i._Z14nrk_int_enablev  nrk.o
    0x00005034   0x00000022   Code   RO         1876    i._Z14rf_carrier_offv  basic_rf.o
    0x00005056   0x00000002   Code   RO         1570    i._Z14rf_rx_callbackP10RF_RX_INFO  bmac.o
    0x00005058   0x00000020   Code   RO         1877    i._Z14rf_set_channelh  basic_rf.o
    0x00005078   0x00000014   Code   RO         1168    i._Z15GPIO_ClearValuehj  ulib.o
    0x0000508c   0x00000034   Code   RO         1169    i._Z15GPIO_GetPointerh  ulib.o
    0x000050c0   0x00000028   Code   RO         1571    i._Z15bmac_rx_pkt_getPhS_  bmac.o
    0x000050e8   0x00000040   Code   RO         2145    i._Z15mrf_write_shorthh  mrf24j40.o
    0x00005128   0x00000004   Code   RO          491    i._Z15nrk_int_disablev  nrk.o
    0x0000512c   0x00000004   Code   RO         1171    i._Z15nrk_setup_portsv  ulib.o
    0x00005130   0x00000002   Code   RO          913    i._Z15nrk_stack_checkv  nrk_stack_check.o
    0x00005132   0x00000002   PAD
    0x00005134   0x0000001c   Code   RO         1878    i._Z15rf_rx_check_ccav  basic_rf.o
    0x00005150   0x00000026   Code   RO         1172    i._Z16PINSEL_ConfigPinP15PINSEL_CFG_Type  ulib.o
    0x00005176   0x00000002   PAD
    0x00005178   0x0000009c   Code   RO          292    i._Z16_nrk_setup_timerv  nrk_timer.o
    0x00005214   0x0000004c   Code   RO         1573    i._Z16bmac_task_configv  bmac.o
    0x00005260   0x00000034   Code   RO         2146    i._Z16mrf_gpioint_initv  mrf24j40.o
    0x00005294   0x0000008c   Code   RO          767    i._Z16nrk_event_signala  nrk_events.o
    0x00005320   0x00000004   Code   RO          293    i._Z16nrk_spin_wait_usj  nrk_timer.o
    0x00005324   0x0000000a   Code   RO            2    i._Z16nrk_target_startv  nrk_cpu.o
    0x0000532e   0x0000001e   Code   RO            3    i._Z16nrk_task_set_stkP9task_typePjt  nrk_cpu.o
    0x0000534c   0x00000028   Code   RO         1881    i._Z16rf_polling_rx_onv  basic_rf.o
    0x00005374   0x00000028   Code   RO         1174    i._Z16set_ResistorModehhh  ulib.o
    0x0000539c   0x0000000a   Code   RO          294    i._Z17_nrk_os_timer_getv  nrk_timer.o
    0x000053a6   0x00000002   PAD
    0x000053a8   0x00000074   Code   RO          949    i._Z17nrk_activate_taskP9task_type  nrk_task.o
    0x0000541c   0x000000ac   Code   RO          950    i._Z17nrk_add_to_readyQa  nrk_task.o
    0x000054c8   0x00000030   Code   RO          768    i._Z17nrk_signal_createv  nrk_events.o
    0x000054f8   0x00000070   Code   RO            4    i._Z17nrk_task_stk_initPFvvEPjS1_  nrk_cpu.o
    0x00005568   0x00000044   Code   RO          951    i._Z17nrk_wait_until_nwv  nrk_task.o
    0x000055ac   0x0000002c   Code   RO         1885    i._Z17rf_set_cca_thresha  basic_rf.o
    0x000055d8   0x00000024   Code   RO         1176    i._Z17set_OpenDrainModehhh  ulib.o
    0x000055fc   0x00000016   Code   RO         3873    i._Z17tbc_post_downcastPvPKSt9type_infoP28a_base_class_traversal_blockPN10__cxxabiv122__base_class_type_infoE  cpprt_w.l(rtti.o)
    0x00005612   0x00000002   PAD
    0x00005614   0x00000040   Code   RO         1070    i._Z18_nrk_time_to_ticksP10nrk_time_t  nrk_time.o
    0x00005654   0x00000084   Code   RO         2292    i._Z18nrk_create_tasksetv  main.o
    0x000056d8   0x00000020   Code   RO         1887    i._Z18rf_auto_ack_enablev  basic_rf.o
    0x000056f8   0x000000b0   Code   RO         1888    i._Z18rf_parse_rx_packetv  basic_rf.o
    0x000057a8   0x00000020   Code   RO         1576    i._Z19_bmac_channel_checkv  bmac.o
    0x000057c8   0x00000010   Code   RO          299    i._Z19_nrk_os_timer_resetv  nrk_timer.o
    0x000057d8   0x0000000e   Code   RO          300    i._Z19_nrk_os_timer_startv  nrk_timer.o
    0x000057e6   0x00000002   PAD
    0x000057e8   0x0000000c   Code   RO         1577    i._Z19bmac_rx_pkt_releasev  bmac.o
    0x000057f4   0x0000000a   Code   RO         1579    i._Z19bmac_set_cca_thresha  bmac.o
    0x000057fe   0x00000002   PAD
    0x00005800   0x00000054   Code   RO          953    i._Z19nrk_rem_from_readyQa  nrk_task.o
    0x00005854   0x00000028   Code   RO          770    i._Z19nrk_signal_registera  nrk_events.o
    0x0000587c   0x00000020   Code   RO         1890    i._Z19rf_auto_ack_disablev  basic_rf.o
    0x0000589c   0x0000000c   Code   RO          303    i._Z20_nrk_get_next_wakeupv  nrk_timer.o
    0x000058a8   0x0000000a   Code   RO          304    i._Z20_nrk_set_next_wakeuph  nrk_timer.o
    0x000058b2   0x00000002   PAD
    0x000058b4   0x0000000c   Code   RO          675    i._Z20nrk_kernel_error_addhh  nrk_error.o
    0x000058c0   0x00000044   Code   RO          955    i._Z20nrk_wait_until_tickst  nrk_task.o
    0x00005904   0x0000000a   Code   RO         1583    i._Z21bmac_auto_ack_disablev  bmac.o
    0x0000590e   0x00000002   PAD
    0x00005910   0x000000a8   Code   RO         3874    i._Z21traverse_base_classesPvPKSt9type_infoP28a_base_class_traversal_blockPN10__cxxabiv122__base_class_type_infoE  cpprt_w.l(rtti.o)
    0x000059b8   0x00000020   Code   RO         1586    i._Z22bmac_rx_pkt_set_bufferPch  bmac.o
    0x000059d8   0x00000034   Code   RO         1588    i._Z22bmac_wait_until_rx_pktv  bmac.o
    0x00005a0c   0x00000078   Code   RO            5    i._Z22nrk_stack_pointer_initv  nrk_cpu.o
    0x00005a84   0x00000016   Code   RO         1895    i._Z22rf_addr_decode_disablev  basic_rf.o
    0x00005a9a   0x00000002   PAD
    0x00005a9c   0x00000014   Code   RO         1053    i._Z23_nrk_wait_for_schedulerv  nrk_task.o
    0x00005ab0   0x00000018   Code   RO         1592    i._Z23bmac_get_tx_done_signalv  bmac.o
    0x00005ac8   0x000000c0   Code   RO         3875    i._Z23find_base_class_at_addrPvS_PKSt9type_infoS2_Pi  cpprt_w.l(rtti.o)
    0x00005b88   0x0000000c   Code   RO          306    i._Z25_nrk_high_speed_timer_getv  nrk_timer.o
    0x00005b94   0x00000032   Code   RO          307    i._Z25nrk_high_speed_timer_waittt  nrk_timer.o
    0x00005bc6   0x00000002   PAD
    0x00005bc8   0x00000070   Code   RO            6    i._Z25nrk_stack_pointer_restorev  nrk_cpu.o
    0x00005c38   0x0000000c   Code   RO          956    i._Z26nrk_get_high_ready_task_IDv  nrk_task.o
    0x00005c44   0x00000044   Code   RO          957    i._Z26nrk_wait_until_next_periodv  nrk_task.o
    0x00005c88   0x00000018   Code   RO          309    i._Z27_nrk_high_speed_timer_resetv  nrk_timer.o
    0x00005ca0   0x00000004   Code   RO            7    i._Z27nrk_task_set_entry_functionP9task_typePFvvE  nrk_cpu.o
    0x00005ca4   0x000001e8   Code   RO         3876    i._Z28derived_to_base_conversion_rPvPS_PKSt9type_infoS3_jPiiPS3_P19a_result_virtualityS4_  cpprt_w.l(rtti.o)
    0x00005e8c   0x0000004c   Code   RO          958    i._Z29nrk_wait_until_next_n_periodst  nrk_task.o
    0x00005ed8   0x00000048   Code   RO         2293    i._Z4passv          main.o
    0x00005f20   0x0000001c   Code   RO         2294    i._Z4stopv          main.o
    0x00005f3c   0x00000048   Code   RO         2295    i._Z5shootv         main.o
    0x00005f84   0x00000408   Code   RO         2296    i._Z5trackPj        main.o
    0x0000638c   0x00000024   Code   RO         1601    i._Z6_b_powh        bmac.o
    0x000063b0   0x000000d4   Code   RO         2297    i._Z6assigni        main.o
    0x00006484   0x00000028   Code   RO         2298    i._Z6rotatei        main.o
    0x000064ac   0x00000070   Code   RO         2299    i._Z7forwardii      main.o
    0x0000651c   0x00000002   Code   RO         1127    i._Z7halWaitt       hal_wait.o
    0x0000651e   0x00000002   PAD
    0x00006520   0x000000a4   Code   RO         1186    i._Z7initLEDv       ulib.o
    0x000065c4   0x0000001e   Code   RO         2300    i._Z7led_clrv       main.o
    0x000065e2   0x0000001e   Code   RO         2301    i._Z7led_setv       main.o
    0x00006600   0x00000050   Code   RO         1900    i._Z7rf_initP10RF_RX_INFOhtt  basic_rf.o
    0x00006650   0x00000174   Code   RO         2302    i._Z7rx_taskv       main.o
    0x000067c4   0x00000948   Code   RO         2303    i._Z7tx_taskv       main.o
    0x0000710c   0x00000068   Code   RO         1602    i._Z8_bmac_rxv      bmac.o
    0x00007174   0x000000c8   Code   RO         1603    i._Z8_bmac_txv      bmac.o
    0x0000723c   0x0000004c   Code   RO         2304    i._Z8cam_initv      main.o
    0x00007288   0x00000100   Code   RO         1439    i._Z8init_adcv      adc_driver.o
    0x00007388   0x00000020   Code   RO         2147    i._Z8mrf_initv      mrf24j40.o
    0x000073a8   0x0000002a   Code   RO         2148    i._Z8mrf_rssiv      mrf24j40.o
    0x000073d2   0x00000002   PAD
    0x000073d4   0x000000ac   Code   RO          493    i._Z8nrk_initv      nrk.o
    0x00007480   0x00000054   Code   RO          959    i._Z8nrk_wait10nrk_time_t  nrk_task.o
    0x000074d4   0x0000001c   Code   RO         1901    i._Z8rf_rx_onv      basic_rf.o
    0x000074f0   0x00000060   Code   RO         2305    i._Z8transmiti      main.o
    0x00007550   0x0000000e   Code   RO         1187    i._Z9PORT_INITv     ulib.o
    0x0000755e   0x00000002   PAD
    0x00007560   0x000000d0   Code   RO         1604    i._Z9bmac_inith     bmac.o
    0x00007630   0x000000de   Code   RO         2150    i._Z9mrf_resetv     mrf24j40.o
    0x0000770e   0x00000002   PAD
    0x00007710   0x0000008c   Code   RO          494    i._Z9nrk_startv     nrk.o
    0x0000779c   0x0000001c   Code   RO         1902    i._Z9rf_rx_offv     basic_rf.o
    0x000077b8   0x00000360   Code   RO         2306    i._Z9track_degPj    main.o
    0x00007b18   0x0000001e   Code   RO         2607    i._ZN4m3pi4leftEf   m3pi.o
    0x00007b36   0x0000001a   Code   RO         2610    i._ZN4m3pi4stopEv   m3pi.o
    0x00007b50   0x0000002c   Code   RO         2612    i._ZN4m3pi5_putcEi  m3pi.o
    0x00007b7c   0x0000004c   Code   RO         2613    i._ZN4m3pi5motorEif  m3pi.o
    0x00007bc8   0x0000002c   Code   RO         2615    i._ZN4m3pi5resetEv  m3pi.o
    0x00007bf4   0x0000001e   Code   RO         2616    i._ZN4m3pi5rightEf  m3pi.o
    0x00007c12   0x0000001c   Code   RO         2619    i._ZN4m3pi7forwardEf  m3pi.o
    0x00007c2e   0x0000001e   Code   RO         2621    i._ZN4m3pi8backwardEf  m3pi.o
    0x00007c4c   0x00000050   Code   RO         2624    i._ZN4m3piC1E7PinNameS0_S0_  m3pi.o
    0x00007c9c   0x0000000e   Code   RO         2856    i._ZN4m3piD0Ev      m3pi.o
    0x00007caa   0x00000002   PAD
    0x00007cac   0x00000024   Code   RO         2482    i._ZN4m3piD1Ev      main.o
    0x00007cd0   0x00000020   Code   RO         3262    i._ZN4mbed10DigitalOutC1E7PinNamePKc  mbed.ar(DigitalOut.cpp.lpc1768.arm.o)
    0x00007cf0   0x0000000e   Code   RO         3301    i._ZN4mbed10DigitalOutD0Ev  mbed.ar(DigitalOut.cpp.lpc1768.arm.o)
    0x00007cfe   0x0000000e   Code   RO         3264    i._ZN4mbed10DigitalOutaSEi  mbed.ar(DigitalOut.cpp.lpc1768.arm.o)
    0x00007d0c   0x0000003a   Code   RO         3642    i._ZN4mbed10FileHandle4flenEv  mbed.ar(stdio.cpp.lpc1768.arm.o)
    0x00007d46   0x00000008   Code   RO         3549    i._ZN4mbed15FunctionPointerC1EPFvvE  mbed.ar(FunctionPointer.cpp.lpc1768.arm.o)
    0x00007d4e   0x00000002   PAD
    0x00007d50   0x00000034   Code   RO         3232    i._ZN4mbed3I2C4readEiPci  mbed.ar(I2C.cpp.lpc1768.arm.o)
    0x00007d84   0x00000034   Code   RO         3233    i._ZN4mbed3I2C5writeEiPKci  mbed.ar(I2C.cpp.lpc1768.arm.o)
    0x00007db8   0x00000030   Code   RO         3236    i._ZN4mbed3I2CC1E7PinNameS1_PKc  mbed.ar(I2C.cpp.lpc1768.arm.o)
    0x00007de8   0x0000000e   Code   RO         3255    i._ZN4mbed3I2CD0Ev  mbed.ar(I2C.cpp.lpc1768.arm.o)
    0x00007df6   0x00000004   Code   RO         3252    i._ZN4mbed3I2CD1Ev  mbed.ar(I2C.cpp.lpc1768.arm.o)
    0x00007dfa   0x00000002   PAD
    0x00007dfc   0x00000030   Code   RO         3101    i._ZN4mbed4Base5clearEPKcPc  mbed.ar(Base.cpp.lpc1768.arm.o)
    0x00007e2c   0x00000038   Code   RO         3102    i._ZN4mbed4Base6lookupEPKcj  mbed.ar(Base.cpp.lpc1768.arm.o)
    0x00007e64   0x00000040   Code   RO         3105    i._ZN4mbed4Base9list_objsEPKcPc  mbed.ar(Base.cpp.lpc1768.arm.o)
    0x00007ea4   0x00000024   Code   RO         3106    i._ZN4mbed4BaseC1EPKc  mbed.ar(Base.cpp.lpc1768.arm.o)
    0x00007ec8   0x00000034   Code   RO         3107    i._ZN4mbed4BaseD0Ev  mbed.ar(Base.cpp.lpc1768.arm.o)
    0x00007efc   0x00000038   Code   RO         3108    i._ZN4mbed4BaseD1Ev  mbed.ar(Base.cpp.lpc1768.arm.o)
    0x00007f34   0x00000020   Code   RO         3015    i._ZN4mbed6PwmOutC1E7PinNamePKc  mbed.ar(PwmOut.cpp.lpc1768.arm.o)
    0x00007f54   0x0000000e   Code   RO         3084    i._ZN4mbed6PwmOutD0Ev  mbed.ar(PwmOut.cpp.lpc1768.arm.o)
    0x00007f62   0x00000004   Code   RO         3057    i._ZN4mbed6PwmOutD1Ev  mbed.ar(PwmOut.cpp.lpc1768.arm.o)
    0x00007f66   0x00000006   Code   RO         3310    i._ZN4mbed6Serial4baudEi  mbed.ar(Serial.cpp.lpc1768.arm.o)
    0x00007f6c   0x0000000e   Code   RO         3312    i._ZN4mbed6Serial5_putcEi  mbed.ar(Serial.cpp.lpc1768.arm.o)
    0x00007f7a   0x00000002   PAD
    0x00007f7c   0x00000034   Code   RO         3317    i._ZN4mbed6SerialC1E7PinNameS1_PKc  mbed.ar(Serial.cpp.lpc1768.arm.o)
    0x00007fb0   0x0000000e   Code   RO         3380    i._ZN4mbed6SerialD0Ev  mbed.ar(Serial.cpp.lpc1768.arm.o)
    0x00007fbe   0x00000018   Code   RO         3465    i._ZN4mbed6Stream4putcEi  mbed.ar(Stream.cpp.lpc1768.arm.o)
    0x00007fd6   0x00000002   PAD
    0x00007fd8   0x00000040   Code   RO         3398    i._ZN4mbed6StreamC2EPKc  mbed.ar(Stream.cpp.lpc1768.arm.o)
    0x00008018   0x00000024   Code   RO         3399    i._ZN4mbed6StreamD0Ev  mbed.ar(Stream.cpp.lpc1768.arm.o)
    0x0000803c   0x00000020   Code   RO         3400    i._ZN4mbed6StreamD2Ev  mbed.ar(Stream.cpp.lpc1768.arm.o)
    0x0000805c   0x0000003c   Code   RO         3556    i._ZN4mbed8FileLikeD0Ev  mbed.ar(stdio.cpp.lpc1768.arm.o)
    0x00008098   0x00000034   Code   RO         3557    i._ZN4mbed8FileLikeD2Ev  mbed.ar(stdio.cpp.lpc1768.arm.o)
    0x000080cc   0x00000020   Code   RO         4401    i._ZNKSt9type_infoeqERKS_  cpprt_w.l(type_info_eq.o)
    0x000080ec   0x00000006   Code   RO         2476    i._ZSt3absd         main.o
    0x000080f2   0x00000004   Code   RO         3401    i._ZThn16_N4mbed6Stream4flenEv  mbed.ar(Stream.cpp.lpc1768.arm.o)
    0x000080f6   0x00000004   Code   RO         3403    i._ZThn16_N4mbed6Stream5closeEv  mbed.ar(Stream.cpp.lpc1768.arm.o)
    0x000080fa   0x00000004   Code   RO         3405    i._ZThn16_N4mbed6Stream5lseekEli  mbed.ar(Stream.cpp.lpc1768.arm.o)
    0x000080fe   0x0000002c   Code   RO         3406    i._ZThn16_N4mbed6Stream5writeEPKvj  mbed.ar(Stream.cpp.lpc1768.arm.o)
    0x0000812a   0x00000004   Code   RO         3407    i._ZThn16_N4mbed6Stream6isattyEv  mbed.ar(Stream.cpp.lpc1768.arm.o)
    0x0000812e   0x00000008   Code   RO         3855    i._ZdaPv            cpprt_w.l(array_del.o)
    0x00008136   0x00000008   Code   RO         3862    i._ZdlPv            cpprt_w.l(delete.o)
    0x0000813e   0x00000020   Code   RO         3897    i.__ARM_common_get_typeid  cpprt_w.l(rtti.o)
    0x0000815e   0x00000028   Code   RO         4436    i.__ARM_fpclassify  m_ws.l(fpclassify.o)
    0x00008186   0x00000030   Code   RO         3900    i.__aeabi_atexit    cpprt_w.l(aeabi_atexit.o)
    0x000081b6   0x00000042   Code   RO         4388    i.__cxa_finalize    cpprt_w.l(cxa_finalize.o)
    0x000081f8   0x00000006   Code   RO         3869    i.__cxa_pure_virtual  cpprt_w.l(pure_virt.o)
    0x000081fe   0x00000002   PAD
    0x00008200   0x00000070   Code   RO         3877    i.__derived_to_base_conversion  cpprt_w.l(rtti.o)
    0x00008270   0x000000b0   Code   RO         3878    i.__dynamic_cast    cpprt_w.l(rtti.o)
    0x00008320   0x00000384   Code   RO         4443    i.__ieee754_rem_pio2  m_ws.l(rred.o)
    0x000086a4   0x000000fc   Code   RO         4431    i.__kernel_cos      m_ws.l(cos_i.o)
    0x000087a0   0x000000aa   Code   RO         4440    i.__kernel_poly     m_ws.l(poly.o)
    0x0000884a   0x00000002   PAD
    0x0000884c   0x000000ec   Code   RO         4448    i.__kernel_sin      m_ws.l(sin_i.o)
    0x00008938   0x00000010   Code   RO         4434    i.__mathlib_dbl_underflow  m_ws.l(dunder.o)
    0x00008948   0x0000000a   Code   RO         4438    i.__mathlib_flt_underflow  m_ws.l(funder.o)
    0x00008952   0x00000010   Code   RO         4708    i.__mathlib_narrow  m_ws.l(narrow.o)
    0x00008962   0x00000002   PAD
    0x00008964   0x00000088   Code   RO         4709    i.__mathlib_tofloat  m_ws.l(narrow.o)
    0x000089ec   0x00000064   Code   RO         2307    i.__sti___8_main_cpp  main.o
    0x00008a50   0x00000016   Code   RO         4764    i.__support_ldexp   m_ws.l(ldexp.o)
    0x00008a66   0x00000002   PAD
    0x00008a68   0x0000000c   Code   RO         2990    i.__user_setup_stackheap  stackheap.o
    0x00008a74   0x0000000e   Code   RO         3765    i._is_digit         c_w.l(__printf_wp.o)
    0x00008a82   0x00000004   Code   RO          495    i._nrk_timer_tick   nrk.o
    0x00008a86   0x00000002   PAD
    0x00008a88   0x0000002c   Code   RO         3558    i._sys_close        mbed.ar(stdio.cpp.lpc1768.arm.o)
    0x00008ab4   0x00000028   Code   RO         3561    i._sys_flen         mbed.ar(stdio.cpp.lpc1768.arm.o)
    0x00008adc   0x00000028   Code   RO         3562    i._sys_istty        mbed.ar(stdio.cpp.lpc1768.arm.o)
    0x00008b04   0x00000184   Code   RO         3563    i._sys_open         mbed.ar(stdio.cpp.lpc1768.arm.o)
    0x00008c88   0x0000002c   Code   RO         3565    i._sys_seek         mbed.ar(stdio.cpp.lpc1768.arm.o)
    0x00008cb4   0x00000054   Code   RO         3566    i._sys_write        mbed.ar(stdio.cpp.lpc1768.arm.o)
    0x00008d08   0x00000224   Code   RO         4064    i.atan              m_ws.l(atan.o)
    0x00008f2c   0x00000180   Code   RO         4074    i.atan2             m_ws.l(atan2.o)
    0x000090ac   0x000000ac   Code   RO         4082    i.cos               m_ws.l(cos.o)
    0x00009158   0x00000016   Code   RO         3674    i.exit              capi.ar(exit.c.lpc1768.arm.o)
    0x0000916e   0x0000001a   Code   RO         3793    i.fputc             c_w.l(fputc.o)
    0x00009188   0x00000058   Code   RO         4741    i.frexp             m_ws.l(frexp.o)
    0x000091e0   0x00000030   Code   RO         3536    i.gpio_output       capi.ar(gpio_api.c.lpc1768.arm.o)
    0x00009210   0x00000018   Code   RO         3538    i.gpio_write        capi.ar(gpio_api.c.lpc1768.arm.o)
    0x00009228   0x00000028   Code   RO         3498    i.i2c_do_read       capi.ar(i2c_api.c.lpc1768.arm.o)
    0x00009250   0x00000018   Code   RO         3499    i.i2c_frequency     capi.ar(i2c_api.c.lpc1768.arm.o)
    0x00009268   0x000000d0   Code   RO         3500    i.i2c_init          capi.ar(i2c_api.c.lpc1768.arm.o)
    0x00009338   0x00000096   Code   RO         3501    i.i2c_read          capi.ar(i2c_api.c.lpc1768.arm.o)
    0x000093ce   0x00000038   Code   RO         3502    i.i2c_start         capi.ar(i2c_api.c.lpc1768.arm.o)
    0x00009406   0x00000012   Code   RO         3503    i.i2c_stop          capi.ar(i2c_api.c.lpc1768.arm.o)
    0x00009418   0x0000006c   Code   RO         3504    i.i2c_write         capi.ar(i2c_api.c.lpc1768.arm.o)
    0x00009484   0x0000007e   Code   RO         4765    i.ldexp             m_ws.l(ldexp.o)
    0x00009502   0x00000002   PAD
    0x00009504   0x00000094   Code   RO         2308    i.main              main.o
    0x00009598   0x00000078   Code   RO         3676    i.mbed_die          capi.ar(utils_api.c.lpc1768.arm.o)
    0x00009610   0x00000038   Code   RO         3664    i.pin_function      capi.ar(pinmap.c.lpc1768.arm.o)
    0x00009648   0x00000038   Code   RO         3665    i.pin_mode          capi.ar(pinmap.c.lpc1768.arm.o)
    0x00009680   0x0000003c   Code   RO         3666    i.pinmap_merge      capi.ar(pinmap.c.lpc1768.arm.o)
    0x000096bc   0x00000058   Code   RO         3667    i.pinmap_peripheral  capi.ar(pinmap.c.lpc1768.arm.o)
    0x00009714   0x000000a4   Code   RO         3668    i.pinmap_pinout     capi.ar(pinmap.c.lpc1768.arm.o)
    0x000097b8   0x0000009c   Code   RO         3477    i.pwmout_init       capi.ar(pwmout_api.c.lpc1768.arm.o)
    0x00009854   0x0000003c   Code   RO         3480    i.pwmout_period_us  capi.ar(pwmout_api.c.lpc1768.arm.o)
    0x00009890   0x0000005a   Code   RO         4090    i.scalbnf           m_ws.l(scalbnf.o)
    0x000098ea   0x0000000c   Code   RO         3686    i.semihost_exit     capi.ar(semihost_api.c.lpc1768.arm.o)
    0x000098f6   0x00000002   PAD
    0x000098f8   0x00000100   Code   RO         3513    i.serial_baud       capi.ar(serial_api.c.lpc1768.arm.o)
    0x000099f8   0x00000094   Code   RO         3515    i.serial_format     capi.ar(serial_api.c.lpc1768.arm.o)
    0x00009a8c   0x000000e4   Code   RO         3518    i.serial_init       capi.ar(serial_api.c.lpc1768.arm.o)
    0x00009b70   0x0000000c   Code   RO         3520    i.serial_putc       capi.ar(serial_api.c.lpc1768.arm.o)
    0x00009b7c   0x000000b0   Code   RO         4098    i.sin               m_ws.l(sin.o)
    0x00009c2c   0x0000004c   Code   RO         4106    i.sqrt              m_ws.l(sqrt.o)
    0x00009c78   0x00000014   Code   RO         3651    i.timer_frequency   capi.ar(timer_api.c.lpc1768.arm.o)
    0x00009c8c   0x00000070   Code   RO         3652    i.timer_init        capi.ar(timer_api.c.lpc1768.arm.o)
    0x00009cfc   0x00000004   Code   RO         3653    i.timer_read        capi.ar(timer_api.c.lpc1768.arm.o)
    0x00009d00   0x0000000c   Code   RO         3654    i.timer_start       capi.ar(timer_api.c.lpc1768.arm.o)
    0x00009d0c   0x00000038   Code   RO         3544    i.us_ticker_read    capi.ar(us_ticker_api.c.lpc1768.arm.o)
    0x00009d44   0x00000030   Code   RO         2999    i.wait              capi.ar(wait_api.c.lpc1768.arm.o)
    0x00009d74   0x0000001c   Code   RO         3000    i.wait_ms           capi.ar(wait_api.c.lpc1768.arm.o)
    0x00009d90   0x00000016   Code   RO         3001    i.wait_us           capi.ar(wait_api.c.lpc1768.arm.o)
    0x00009da6   0x00000002   PAD
    0x00009da8   0x0000002c   Code   RO         4593    locale$$code        c_w.l(lc_ctype_c.o)
    0x00009dd4   0x0000002c   Code   RO         4596    locale$$code        c_w.l(lc_numeric_c.o)
    0x00009e00   0x00000062   Code   RO         4003    x$fpl$d2f           fz_ws.l(d2f.o)
    0x00009e62   0x00000002   PAD
    0x00009e64   0x00000150   Code   RO         4005    x$fpl$dadd          fz_ws.l(daddsub_clz.o)
    0x00009fb4   0x00000010   Code   RO         4404    x$fpl$dcheck1       fz_ws.l(dcheck1.o)
    0x00009fc4   0x00000018   Code   RO         4406    x$fpl$dcmpinf       fz_ws.l(dcmpi.o)
    0x00009fdc   0x000002b0   Code   RO         4012    x$fpl$ddiv          fz_ws.l(ddiv.o)
    0x0000a28c   0x00000078   Code   RO         4736    x$fpl$deqf          fz_ws.l(deqf.o)
    0x0000a304   0x0000005e   Code   RO         4015    x$fpl$dfix          fz_ws.l(dfix.o)
    0x0000a362   0x0000002e   Code   RO         4020    x$fpl$dflt          fz_ws.l(dflt_clz.o)
    0x0000a390   0x00000026   Code   RO         4019    x$fpl$dfltu         fz_ws.l(dflt_clz.o)
    0x0000a3b6   0x00000002   PAD
    0x0000a3b8   0x00000078   Code   RO         4025    x$fpl$dleqf         fz_ws.l(dleqf.o)
    0x0000a430   0x00000154   Code   RO         4027    x$fpl$dmul          fz_ws.l(dmul.o)
    0x0000a584   0x0000009c   Code   RO         4408    x$fpl$dnaninf       fz_ws.l(dnaninf.o)
    0x0000a620   0x0000000c   Code   RO         4410    x$fpl$dretinf       fz_ws.l(dretinf.o)
    0x0000a62c   0x0000006c   Code   RO         4029    x$fpl$drleqf        fz_ws.l(drleqf.o)
    0x0000a698   0x00000016   Code   RO         4006    x$fpl$drsb          fz_ws.l(daddsub_clz.o)
    0x0000a6ae   0x00000002   PAD
    0x0000a6b0   0x000001cc   Code   RO         4412    x$fpl$dsqrt         fz_ws.l(dsqrt_noumaal.o)
    0x0000a87c   0x000001d4   Code   RO         4007    x$fpl$dsub          fz_ws.l(daddsub_clz.o)
    0x0000aa50   0x00000056   Code   RO         4031    x$fpl$f2d           fz_ws.l(f2d.o)
    0x0000aaa6   0x00000002   PAD
    0x0000aaa8   0x000000c4   Code   RO         4033    x$fpl$fadd          fz_ws.l(faddsub_clz.o)
    0x0000ab6c   0x0000000c   Code   RO         4637    x$fpl$fcheck1       fz_ws.l(fcheck1.o)
    0x0000ab78   0x00000184   Code   RO         4040    x$fpl$fdiv          fz_ws.l(fdiv.o)
    0x0000acfc   0x00000036   Code   RO         4043    x$fpl$ffix          fz_ws.l(ffix.o)
    0x0000ad32   0x00000002   PAD
    0x0000ad34   0x0000003e   Code   RO         4047    x$fpl$ffixu         fz_ws.l(ffixu.o)
    0x0000ad72   0x00000002   PAD
    0x0000ad74   0x00000030   Code   RO         4052    x$fpl$fflt          fz_ws.l(fflt_clz.o)
    0x0000ada4   0x00000026   Code   RO         4051    x$fpl$ffltu         fz_ws.l(fflt_clz.o)
    0x0000adca   0x00000002   PAD
    0x0000adcc   0x00000102   Code   RO         4057    x$fpl$fmul          fz_ws.l(fmul.o)
    0x0000aece   0x0000008c   Code   RO         4414    x$fpl$fnaninf       fz_ws.l(fnaninf.o)
    0x0000af5a   0x0000000e   Code   RO         4738    x$fpl$fpinit        fz_ws.l(fpinit.o)
    0x0000af68   0x0000000a   Code   RO         4416    x$fpl$fretinf       fz_ws.l(fretinf.o)
    0x0000af72   0x00000002   PAD
    0x0000af74   0x000000ea   Code   RO         4035    x$fpl$fsub          fz_ws.l(faddsub_clz.o)
    0x0000b05e   0x00000004   Code   RO         4059    x$fpl$printf1       fz_ws.l(printf1.o)
    0x0000b062   0x00000004   Code   RO         4420    x$fpl$printf2       fz_ws.l(printf2.o)
    0x0000b066   0x00000064   Code   RO         4639    x$fpl$retnan        fz_ws.l(retnan.o)
    0x0000b0ca   0x0000005c   Code   RO         4061    x$fpl$scalbn        fz_ws.l(scalbn.o)
    0x0000b126   0x0000004c   Code   RO         4426    x$fpl$scalbnf       fz_ws.l(scalbnf.o)
    0x0000b172   0x00000004   Code   RO         4428    x$fpl$scanf1        fz_ws.l(scanf1.o)
    0x0000b176   0x00000008   Code   RO         4700    x$fpl$scanf2        fz_ws.l(scanf2.o)
    0x0000b17e   0x00000030   Code   RO         4706    x$fpl$trapveneer    fz_ws.l(trapv.o)
    0x0000b1ae   0x00000000   Code   RO         4430    x$fpl$usenofp       fz_ws.l(usenofp.o)
    0x0000b1ae   0x00000002   PAD
    0x0000b1b0   0x00000018   Data   RO         3128    .constdata          mbed.ar(Base.cpp.lpc1768.arm.o)
    0x0000b1c8   0x000000b4   Data   RO         3486    .constdata          capi.ar(pwmout_api.c.lpc1768.arm.o)
    0x0000b27c   0x00000078   Data   RO         3505    .constdata          capi.ar(i2c_api.c.lpc1768.arm.o)
    0x0000b2f4   0x00000154   Data   RO         3523    .constdata          capi.ar(serial_api.c.lpc1768.arm.o)
    0x0000b448   0x00000017   Data   RO         3617    .constdata          mbed.ar(stdio.cpp.lpc1768.arm.o)
    0x0000b45f   0x00000028   Data   RO         3753    .constdata          c_w.l(_printf_hex_int_ll_ptr.o)
    0x0000b487   0x00000011   Data   RO         3773    .constdata          c_w.l(__printf_flags_ss_wp.o)
    0x0000b498   0x00000098   Data   RO         4065    .constdata          m_ws.l(atan.o)
    0x0000b530   0x00000008   Data   RO         4224    .constdata          c_w.l(_printf_wctomb.o)
    0x0000b538   0x00000030   Data   RO         4432    .constdata          m_ws.l(cos_i.o)
    0x0000b568   0x00000008   Data   RO         4442    .constdata          m_ws.l(qnan.o)
    0x0000b570   0x000000c8   Data   RO         4445    .constdata          m_ws.l(rred.o)
    0x0000b638   0x00000028   Data   RO         4449    .constdata          m_ws.l(sin_i.o)
    0x0000b660   0x00000026   Data   RO         4515    .constdata          c_w.l(_printf_fp_hex.o)
    0x0000b686   0x00000002   PAD
    0x0000b688   0x00000094   Data   RO         4536    .constdata          c_w.l(bigflt0.o)
    0x0000b71c   0x0000000c   Data   RO         2877    .constdata__ZTI4m3pi  m3pi.o
    0x0000b728   0x0000000c   Data   RO         3987    .constdata__ZTIN10__cxxabiv117__class_type_infoE  cpprt_w.l(lib_rtti_impl.o)
    0x0000b734   0x0000000c   Data   RO         3988    .constdata__ZTIN10__cxxabiv120__si_class_type_infoE  cpprt_w.l(lib_rtti_impl.o)
    0x0000b740   0x0000000c   Data   RO         3989    .constdata__ZTIN10__cxxabiv121__vmi_class_type_infoE  cpprt_w.l(lib_rtti_impl.o)
    0x0000b74c   0x0000000c   Data   RO         3304    .constdata__ZTIN4mbed10DigitalOutE  mbed.ar(DigitalOut.cpp.lpc1768.arm.o)
    0x0000b758   0x00000008   Data   RO         3647    .constdata__ZTIN4mbed10FileHandleE  mbed.ar(stdio.cpp.lpc1768.arm.o)
    0x0000b760   0x0000000c   Data   RO         3176    .constdata__ZTIN4mbed14FileSystemLikeE  mbed.ar(Base.cpp.lpc1768.arm.o)
    0x0000b76c   0x0000000c   Data   RO         3250    .constdata__ZTIN4mbed3I2CE  mbed.ar(I2C.cpp.lpc1768.arm.o)
    0x0000b778   0x00000008   Data   RO         3153    .constdata__ZTIN4mbed4BaseE  mbed.ar(Base.cpp.lpc1768.arm.o)
    0x0000b780   0x0000000c   Data   RO         3093    .constdata__ZTIN4mbed6PwmOutE  mbed.ar(PwmOut.cpp.lpc1768.arm.o)
    0x0000b78c   0x0000000c   Data   RO         3386    .constdata__ZTIN4mbed6SerialE  mbed.ar(Serial.cpp.lpc1768.arm.o)
    0x0000b798   0x0000000c   Data   RO         3474    .constdata__ZTIN4mbed6StreamE  mbed.ar(Stream.cpp.lpc1768.arm.o)
    0x0000b7a4   0x00000020   Data   RO         3646    .constdata__ZTIN4mbed8FileLikeE  mbed.ar(stdio.cpp.lpc1768.arm.o)
    0x0000b7c4   0x00000008   Data   RO         4399    .constdata__ZTISt9type_info  cpprt_w.l(type_info_dtor.o)
    0x0000b7cc   0x00000006   Data   RO         2878    .constdata__ZTS4m3pi  m3pi.o
    0x0000b7d2   0x00000022   Data   RO         3997    .constdata__ZTSN10__cxxabiv117__class_type_infoE  cpprt_w.l(lib_rtti_impl.o)
    0x0000b7f4   0x00000025   Data   RO         3998    .constdata__ZTSN10__cxxabiv120__si_class_type_infoE  cpprt_w.l(lib_rtti_impl.o)
    0x0000b819   0x00000026   Data   RO         3999    .constdata__ZTSN10__cxxabiv121__vmi_class_type_infoE  cpprt_w.l(lib_rtti_impl.o)
    0x0000b83f   0x00000014   Data   RO         3305    .constdata__ZTSN4mbed10DigitalOutE  mbed.ar(DigitalOut.cpp.lpc1768.arm.o)
    0x0000b853   0x00000014   Data   RO         3649    .constdata__ZTSN4mbed10FileHandleE  mbed.ar(stdio.cpp.lpc1768.arm.o)
    0x0000b867   0x00000018   Data   RO         3177    .constdata__ZTSN4mbed14FileSystemLikeE  mbed.ar(Base.cpp.lpc1768.arm.o)
    0x0000b87f   0x0000000c   Data   RO         3251    .constdata__ZTSN4mbed3I2CE  mbed.ar(I2C.cpp.lpc1768.arm.o)
    0x0000b88b   0x0000000d   Data   RO         3157    .constdata__ZTSN4mbed4BaseE  mbed.ar(Base.cpp.lpc1768.arm.o)
    0x0000b898   0x0000000f   Data   RO         3094    .constdata__ZTSN4mbed6PwmOutE  mbed.ar(PwmOut.cpp.lpc1768.arm.o)
    0x0000b8a7   0x0000000f   Data   RO         3387    .constdata__ZTSN4mbed6SerialE  mbed.ar(Serial.cpp.lpc1768.arm.o)
    0x0000b8b6   0x0000000f   Data   RO         3475    .constdata__ZTSN4mbed6StreamE  mbed.ar(Stream.cpp.lpc1768.arm.o)
    0x0000b8c5   0x00000011   Data   RO         3648    .constdata__ZTSN4mbed8FileLikeE  mbed.ar(stdio.cpp.lpc1768.arm.o)
    0x0000b8d6   0x0000000d   Data   RO         4400    .constdata__ZTSSt9type_info  cpprt_w.l(type_info_dtor.o)
    0x0000b8e3   0x00000001   PAD
    0x0000b8e4   0x00000060   Data   RO         2777    .constdata__ZTV4m3pi  m3pi.o
    0x0000b944   0x00000010   Data   RO         3972    .constdata__ZTVN10__cxxabiv117__class_type_infoE  cpprt_w.l(lib_rtti_impl.o)
    0x0000b954   0x00000010   Data   RO         3974    .constdata__ZTVN10__cxxabiv120__si_class_type_infoE  cpprt_w.l(lib_rtti_impl.o)
    0x0000b964   0x00000010   Data   RO         3976    .constdata__ZTVN10__cxxabiv121__vmi_class_type_infoE  cpprt_w.l(lib_rtti_impl.o)
    0x0000b974   0x00000018   Data   RO         3288    .constdata__ZTVN4mbed10DigitalOutE  mbed.ar(DigitalOut.cpp.lpc1768.arm.o)
    0x0000b98c   0x00000018   Data   RO         3249    .constdata__ZTVN4mbed3I2CE  mbed.ar(I2C.cpp.lpc1768.arm.o)
    0x0000b9a4   0x00000018   Data   RO         3149    .constdata__ZTVN4mbed4BaseE  mbed.ar(Base.cpp.lpc1768.arm.o)
    0x0000b9bc   0x00000018   Data   RO         3053    .constdata__ZTVN4mbed6PwmOutE  mbed.ar(PwmOut.cpp.lpc1768.arm.o)
    0x0000b9d4   0x00000060   Data   RO         3361    .constdata__ZTVN4mbed6SerialE  mbed.ar(Serial.cpp.lpc1768.arm.o)
    0x0000ba34   0x00000060   Data   RO         3455    .constdata__ZTVN4mbed6StreamE  mbed.ar(Stream.cpp.lpc1768.arm.o)
    0x0000ba94   0x0000003c   Data   RO         3641    .constdata__ZTVN4mbed8FileLikeE  mbed.ar(stdio.cpp.lpc1768.arm.o)
    0x0000bad0   0x0000000e   Data   RO         3130    .conststring        mbed.ar(Base.cpp.lpc1768.arm.o)
    0x0000bade   0x00000005   Data   RO         3131    .conststring        mbed.ar(Base.cpp.lpc1768.arm.o)
    0x0000bae3   0x00000001   PAD
    0x0000bae4   0x00000020   Data   RO         4775    Region$$Table       anon$$obj.o
    0x0000bb04   0x00000008   Data   RO         4697    c$$dinf             fz_ws.l(fpconst.o)
    0x0000bb0c   0x00000110   Data   RO         4592    locale$$data        c_w.l(lc_ctype_c.o)
    0x0000bc1c   0x0000001c   Data   RO         4595    locale$$data        c_w.l(lc_numeric_c.o)
    0x0000bc38   0x00000004   Data   RO         2348    .init_array         main.o


    Execution Region RW_IRAM1 (Base: 0x10000000, Size: 0x00000d84, Max: 0x00008000, ABSOLUTE, COMPRESSED[0x00000030])

    Base Addr    Size         Type   Attr      Idx    E Section Name        Object

    0x10000000   0x000000c4   Data   RW         2996    .ARM.__AT_0x10000000  cmsis_nvic.o
    0x100000c4   0x00000002   Data   RW          333    .data               nrk_timer.o
    0x100000c6   0x00000002   PAD
    0x100000c8   0x00000004   Data   RW          506    .data               nrk.o
    0x100000cc   0x00000001   Data   RW          507    .data               nrk.o
    0x100000cd   0x00000003   PAD
    0x100000d0   0x00000014   Data   RW          508    .data               nrk.o
    0x100000e4   0x00000008   Data   RW          511    .data               nrk.o
    0x100000ec   0x00000002   Data   RW          689    .data               nrk_error.o
    0x100000ee   0x00000002   PAD
    0x100000f0   0x00000004   Data   RW          787    .data               nrk_events.o
    0x100000f4   0x00000008   Data   RW          889    .data               nrk_scheduler.o
    0x100000fc   0x00000008   Data   RW         1445    .data               adc_driver.o
    0x10000104   0x00000018   Data   RW         1646    .data               bmac.o
    0x1000011c   0x00000006   Data   RW         1942    .data               basic_rf.o
    0x10000122   0x00000004   Data   RW         2173    .data               mrf24j40.o
    0x10000126   0x00000002   PAD
    0x10000128   0x00000098   Data   RW         2338    .data               main.o
    0x100001c0   0x00000004   Data   RW         2987    .data               system_LPC17xx.o
    0x100001c4   0x00000008   Data   RW         3132    .data               mbed.ar(Base.cpp.lpc1768.arm.o)
    0x100001cc   0x0000000c   Data   RW         3133    .data               mbed.ar(Base.cpp.lpc1768.arm.o)
    0x100001d8   0x00000004   Data   RW         3242    .data               mbed.ar(I2C.cpp.lpc1768.arm.o)
    0x100001dc   0x0000001c   Data   RW         3487    .data               capi.ar(pwmout_api.c.lpc1768.arm.o)
    0x100001f8   0x00000004   Data   RW         3545    .data               capi.ar(us_ticker_api.c.lpc1768.arm.o)
    0x100001fc   0x00000004   Data   RW         3807    .data               c_w.l(stdio_streams.o)
    0x10000200   0x00000004   Data   RW         3808    .data               c_w.l(stdio_streams.o)
    0x10000204   0x00000004   Data   RW         3809    .data               c_w.l(stdio_streams.o)
    0x10000208   0x00000004   Data   RW         4671    .data               c_w.l(heapauxa.o)
    0x1000020c   0x00000080   Zero   RW          504    .bss                nrk.o
    0x1000028c   0x0000016c   Zero   RW          505    .bss                nrk.o
    0x100003f8   0x00000148   Zero   RW         1645    .bss                bmac.o
    0x10000540   0x0000000c   Zero   RW         1941    .bss                basic_rf.o
    0x1000054c   0x000005fa   Zero   RW         2336    .bss                main.o
    0x10000b46   0x00000002   PAD
    0x10000b48   0x00000040   Zero   RW         3616    .bss                mbed.ar(stdio.cpp.lpc1768.arm.o)
    0x10000b88   0x00000050   Zero   RW         3804    .bss                c_w.l(stdio_streams.o)
    0x10000bd8   0x00000050   Zero   RW         3805    .bss                c_w.l(stdio_streams.o)
    0x10000c28   0x00000050   Zero   RW         3806    .bss                c_w.l(stdio_streams.o)
    0x10000c78   0x000000e4   Zero   RW         3824    .bss                c_w.l(rand.o)
    0x10000d5c   0x00000004   Zero   RW         4132    .bss                c_w.l(rt_ddtor_pointer_addr.o)
    0x10000d60   0x00000004   Zero   RW         4137    .bss                c_w.l(rt_errno_addr.o)
    0x10000d64   0x00000004   Zero   RW         4481    .bss                c_w.l(rt_heap_descriptor.o)
    0x10000d68   0x00000014   Zero   RW         4486    .bss                c_w.l(rt_locale.o)
    0x10000d7c   0x00000004   Zero   RW         4715    .bss                c_w.l(rt_eh_globals_addr.o)
    0x10000d80   0x00000004   Zero   RW         4745    .bss                c_w.l(rt_fp_status_addr.o)


    Execution Region RW_IRAM2 (Base: 0x2007c000, Size: 0x00000000, Max: 0x00004000, ABSOLUTE)

    **** No section assigned to this execution region ****


    Execution Region RW_IRAM3 (Base: 0x20080000, Size: 0x00000000, Max: 0x00004000, ABSOLUTE)

    **** No section assigned to this execution region ****


    Execution Region RW_IRAM4 (Base: 0x40038000, Size: 0x00000000, Max: 0x00000800, ABSOLUTE)

    **** No section assigned to this execution region ****


==============================================================================

Image component sizes


      Code (inc. data)   RO Data    RW Data    ZI Data      Debug   Object Name

       392         38          0          8          0       3354   adc_driver.o
      1002        106          0          6         12      13766   basic_rf.o
      1126        250          0         24        328      13546   bmac.o
         0          0          0        196          0          0   cmsis_nvic.o
         2          0          0          0          0        486   hal_wait.o
       402         30        114          0          0      14498   m3pi.o
      6846        382          4        152       1530      35886   main.o
      1082         68          0          4          0      10433   mrf24j40.o
       120         14          0          0          0        316   my_asm.o
       712         36          0         33        492       8573   nrk.o
       388         26          0          0          0      41334   nrk_cpu.o
        48         18          0          2          0       2767   nrk_error.o
       288         32          0          4          0       3053   nrk_events.o
        32          6          0          0          0        548   nrk_idle_task.o
       656         40          0          8          0       1622   nrk_scheduler.o
         2          0          0          0          0        490   nrk_stack_check.o
       768         82          0          0          0       7976   nrk_task.o
        64          8          0          0          0       1938   nrk_time.o
       384         38          0          2          0      13513   nrk_timer.o
        12          4          0          0          0         60   stackheap.o
        40         12        196          0          0        220   startup_LPC17xx.o
       120         10          0          4          0         60   system_LPC17xx.o
       752         30          0          0          0      11940   ulib.o

    ----------------------------------------------------------------------
     15278       1230        346        452       2364     186379   Object Totals
         0          0         32          0          0          0   (incl. Generated)
        40          0          0          9          2          0   (incl. Padding)

    ----------------------------------------------------------------------

      Code (inc. data)   RO Data    RW Data    ZI Data      Debug   Library Member Name

        24          4          0          0          0         84   __2printf.o
        44          6          0          0          0         84   __2sprintf.o
        90          0          0          0          0          0   __dczerorl2.o
         8          0          0          0          0         68   __main.o
       396          6         17          0          0         92   __printf_flags_ss_wp.o
        14          0          0          0          0         68   __printf_wp.o
        52          8          0          0          0          0   __scatter.o
        28          0          0          0          0          0   __scatter_zi.o
        28          0          0          0          0         68   _chval.o
        60          0          0          0          0         92   _mbrtowc.o
         6          0          0          0          0          0   _printf_a.o
         6          0          0          0          0          0   _printf_c.o
        44          0          0          0          0        108   _printf_char.o
        48          6          0          0          0         96   _printf_char_common.o
        36          4          0          0          0         80   _printf_char_file.o
        42          0          0          0          0         68   _printf_charcount.o
         6          0          0          0          0          0   _printf_d.o
       120         18          0          0          0         92   _printf_dec.o
         6          0          0          0          0          0   _printf_e.o
         6          0          0          0          0          0   _printf_f.o
      1056          0          0          0          0        216   _printf_fp_dec.o
       772         10         38          0          0        100   _printf_fp_hex.o
       128         16          0          0          0         84   _printf_fp_infnan.o
         6          0          0          0          0          0   _printf_g.o
       156          6         40          0          0        160   _printf_hex_int_ll_ptr.o
         6          0          0          0          0          0   _printf_i.o
       184          0          0          0          0         88   _printf_intcommon.o
        10          0          0          0          0          0   _printf_l.o
         6          0          0          0          0          0   _printf_lc.o
        10          0          0          0          0          0   _printf_ll.o
         6          0          0          0          0          0   _printf_lld.o
         6          0          0          0          0          0   _printf_lli.o
         6          0          0          0          0          0   _printf_llo.o
         6          0          0          0          0          0   _printf_llu.o
         6          0          0          0          0          0   _printf_llx.o
       120         16          0          0          0         92   _printf_longlong_dec.o
         6          0          0          0          0          0   _printf_ls.o
         6          0          0          0          0          0   _printf_n.o
         6          0          0          0          0          0   _printf_o.o
       120          8          0          0          0        124   _printf_oct_int_ll.o
         6          0          0          0          0          0   _printf_p.o
        82          0          0          0          0        108   _printf_pad.o
         0          0          0          0          0          0   _printf_percent.o
         4          0          0          0          0          0   _printf_percent_end.o
         6          0          0          0          0          0   _printf_s.o
        82          0          0          0          0         80   _printf_str.o
        36          0          0          0          0         84   _printf_truncate.o
         6          0          0          0          0          0   _printf_u.o
        44          0          0          0          0        108   _printf_wchar.o
       188          6          8          0          0         92   _printf_wctomb.o
         6          0          0          0          0          0   _printf_x.o
        22          0          0          0          0        100   _rserrno.o
       888          6          0          0          0        100   _scanf.o
       336          0          0          0          0         96   _scanf_int.o
       332          0          0          0          0         96   _scanf_longlong.o
       280          0          0          0          0        100   _scanf_mbtowc.o
       218          0          0          0          0         96   _scanf_str.o
        30          0          0          0          0         76   _scanf_wcharmap.o
       226          0          0          0          0        100   _scanf_wctomb.o
       202          0          0          0          0         96   _scanf_wstr.o
        64          0          0          0          0         84   _sgetc.o
        10          0          0          0          0         68   _sputc.o
        64          0          0          0          0         92   _wcrtomb.o
        16          0          0          0          0         72   abort.o
       124         40          0          0          0         76   assert.o
        24          6          0          0          0         80   assert_stdio.o
       228          6        148          0          0         96   bigflt0.o
      2074        132          0          0          0        940   btod.o
        48         34          0          0          0         76   defsig_abrt_inner.o
        14          0          0          0          0         80   defsig_abrt_outer.o
        10          0          0          0          0         68   defsig_exit.o
        50          0          0          0          0         88   defsig_general.o
        48         34          0          0          0         76   defsig_pvfn_inner.o
        14          0          0          0          0         80   defsig_pvfn_outer.o
        80         58          0          0          0         76   defsig_rtmem_inner.o
        14          0          0          0          0         80   defsig_rtmem_outer.o
        52         38          0          0          0         76   defsig_rtred_inner.o
        14          0          0          0          0         80   defsig_rtred_outer.o
        76          0          0          0          0         88   fclose.o
         8          0          0          0          0         68   ferror.o
       100          4          0          0          0        120   fflush.o
       480          0          0          0          0         88   flsbuf.o
       236          4          0          0          0        128   fopen.o
        20          0          0          0          0         84   fprintf.o
        26          0          0          0          0         68   fputc.o
        34          0          0          0          0         80   fputs.o
       248          4          0          0          0         84   fseek.o
        70          0          0          0          0         76   ftell.o
        94          0          0          0          0         80   h1_alloc.o
        52          0          0          0          0         68   h1_extend.o
        78          0          0          0          0         80   h1_free.o
        14          0          0          0          0         84   h1_init.o
        76          4          0          4          0         96   heapauxa.o
         4          0          0          0          0        136   hguard.o
         0          0          0          0          0          0   indicate_semi.o
        36         10          0          0          0         80   init_aeabi.o
       138          0          0          0          0        168   init_alloc.o
       312         46          0          0          0        112   initio.o
        18          0          0          0          0         76   isspace.o
        44         10        272          0          0         76   lc_ctype_c.o
        44         10         28          0          0         76   lc_numeric_c.o
         6          0          0          0          0          0   libinit.o
        50          0          0          0          0          0   libinit2.o
         6          0          0          0          0          0   libshutdown2.o
        38          0          0          0          0         68   llshl.o
       138          0          0          0          0         80   lludiv10.o
       238          0          0          0          0        100   lludivv7m.o
         0          0          0          0          0          0   maybetermalloc1.o
       112         18          0          0        228        160   rand.o
        16          4          0          0          0         76   rt_ctype_table.o
         8          4          0          0          4         68   rt_ddtor_pointer_addr.o
         8          4          0          0          4         68   rt_eh_globals_addr.o
         8          4          0          0          4         68   rt_errno_addr.o
         8          4          0          0          4         68   rt_fp_status_addr.o
         8          4          0          0          4         68   rt_heap_descriptor.o
         8          4          0          0         20         68   rt_locale.o
        78          0          0          0          0         80   rt_memclr_w.o
         0          0          0          0          0          0   rtentry.o
        12          0          0          0          0          0   rtentry2.o
         6          0          0          0          0          0   rtentry4.o
        48         10          0          0          0         84   scanf_char.o
      1192         14          0          0          0        148   scanf_fp.o
       796         14          0          0          0        100   scanf_hexfp.o
       316         18          0          0          0        100   scanf_infnan.o
        20          0          0          0          0         68   setbuf.o
        70          0          0          0          0         80   setvbuf.o
        44          6          0          0          0         84   sprintf.o
        60          8          0          0          0         84   sscanf.o
       240          6          0          0          0        156   stdio.o
         0          0          0         12        240          0   stdio_streams.o
       128          0          0          0          0         68   strcmpv7m.o
        62          0          0          0          0         76   strlen.o
       150          0          0          0          0         80   strncmp.o
        12          4          0          0          0         68   sys_exit.o
        14          0          0          0          0         76   sys_wrch.o
         2          0          0          0          0         68   use_no_semi.o
        22          0          0          0          0         76   exit.c.lpc1768.arm.o
        72          0          0          0          0        132   gpio_api.c.lpc1768.arm.o
       604         54        120          0          0        464   i2c_api.c.lpc1768.arm.o
       424        100          0          0          0        332   pinmap.c.lpc1768.arm.o
       216         36        180         28          0        144   pwmout_api.c.lpc1768.arm.o
        12          0          0          0          0         68   semihost_api.c.lpc1768.arm.o
       644        110        340          0          0        280   serial_api.c.lpc1768.arm.o
       148         16          0          0          0        240   timer_api.c.lpc1768.arm.o
        56         12          0          4          0         80   us_ticker_api.c.lpc1768.arm.o
       120          6          0          0          0         76   utils_api.c.lpc1768.arm.o
        98          8          0          0          0        216   wait_api.c.lpc1768.arm.o
        48          0          0          0          0         84   aeabi_atexit.o
         4          0          0          0          0         72   arm_bad_typeid_noexceptions.o
        80         14          0          0          0        100   arm_exceptions_globs.o
        60          0          0          0          0        108   arm_exceptions_mem.o
        26          0          0          0          0         76   arm_exceptions_terminate.o
         8          0          0          0          0         76   array_del.o
        66          0          0          0          0         84   cxa_finalize.o
         8          0          0          0          0         76   delete.o
         0          0        193          0          0          0   lib_rtti_impl.o
         6          0          0          0          0         68   pure_virt.o
      1260         42          0          0          0        716   rtti.o
         0          0         21          0          0          0   type_info_dtor.o
        32          0          0          0          0         80   type_info_eq.o
        98          4          0          0          0         92   d2f.o
       826         16          0          0          0        356   daddsub_clz.o
        16          4          0          0          0         68   dcheck1.o
        24          0          0          0          0         68   dcmpi.o
       688        140          0          0          0        212   ddiv.o
       120          4          0          0          0         92   deqf.o
        94          4          0          0          0         92   dfix.o
        84          0          0          0          0        136   dflt_clz.o
       120          4          0          0          0         92   dleqf.o
       340         12          0          0          0        104   dmul.o
       156          4          0          0          0         92   dnaninf.o
        12          0          0          0          0         68   dretinf.o
       108          0          0          0          0         80   drleqf.o
       460         56          0          0          0        120   dsqrt_noumaal.o
        86          4          0          0          0         84   f2d.o
       430          8          0          0          0        168   faddsub_clz.o
        12          4          0          0          0         68   fcheck1.o
       388         76          0          0          0         96   fdiv.o
        54          4          0          0          0         84   ffix.o
        62          4          0          0          0         84   ffixu.o
        86          0          0          0          0        136   fflt_clz.o
       258          4          0          0          0         84   fmul.o
       140          4          0          0          0         84   fnaninf.o
         0          0          8          0          0          0   fpconst.o
        14          0          0          0          0         76   fpinit.o
        10          0          0          0          0         68   fretinf.o
         4          0          0          0          0         68   printf1.o
         4          0          0          0          0         68   printf2.o
       100          0          0          0          0         68   retnan.o
        92          0          0          0          0         68   scalbn.o
        76          0          0          0          0         68   scalbnf.o
         4          0          0          0          0         68   scanf1.o
         8          0          0          0          0         84   scanf2.o
        48          0          0          0          0         68   trapv.o
         0          0          0          0          0          0   usenofp.o
       548         70        152          0          0        128   atan.o
       384         38          0          0          0        144   atan2.o
       172          8          0          0          0        116   cos.o
       252         22         48          0          0        128   cos_i.o
        16          6          0          0          0         68   dunder.o
        40          0          0          0          0         68   fpclassify.o
        88          8          0          0          0         76   frexp.o
        10          0          0          0          0         68   funder.o
       148          0          0          0          0        160   ldexp.o
       152          4          0          0          0        160   narrow.o
       170          0          0          0          0         96   poly.o
         0          0          8          0          0          0   qnan.o
       900         72        200          0          0        140   rred.o
        90          0          0          0          0         76   scalbnf.o
       176         10          0          0          0        120   sin.o
       236         12         40          0          0        132   sin_i.o
        76          0          0          0          0         84   sqrt.o
       312         46        124         20          0        396   Base.cpp.lpc1768.arm.o
        60          4         56          0          0        212   DigitalOut.cpp.lpc1768.arm.o
         8          0          0          0          0         60   FunctionPointer.cpp.lpc1768.arm.o
       170         20         48          4          0        372   I2C.cpp.lpc1768.arm.o
        50          4         51          0          0        204   PwmOut.cpp.lpc1768.arm.o
        86          6        123          0          0        272   Serial.cpp.lpc1768.arm.o
       216         22        123          0          0        616   Stream.cpp.lpc1768.arm.o
       810         86        160          0         64        620   stdio.cpp.lpc1768.arm.o

    ----------------------------------------------------------------------
     30014       1880       2550         72        572      21240   Library Totals
        70          2          4          0          0          0   (incl. Padding)

    ----------------------------------------------------------------------

      Code (inc. data)   RO Data    RW Data    ZI Data      Debug   Library Name

     15738        686        551         16        508       9812   c_w.l
      2416        342        640         32          0       2108   capi.ar
      1598         56        214          0          0       1540   cpprt_w.l
      5022        356          8          0          0       3264   fz_ws.l
      3458        250        448          0          0       1764   m_ws.l
      1712        188        685         24         64       2752   mbed.ar

    ----------------------------------------------------------------------
     30014       1880       2550         72        572      21240   Library Totals

    ----------------------------------------------------------------------

==============================================================================


      Code (inc. data)   RO Data    RW Data    ZI Data      Debug   

     45292       3110       2896        524       2936     187259   Grand Totals
     45292       3110       2896         48       2936     187259   ELF Image Totals (compressed)
     45292       3110       2896         48          0          0   ROM Totals

==============================================================================

    Total RO  Size (Code + RO Data)                48188 (  47.06kB)
    Total RW  Size (RW Data + ZI Data)              3460 (   3.38kB)
    Total ROM Size (Code + RO Data + RW Data)      48236 (  47.11kB)

==============================================================================

